C:/Users/Gintas/Documents/school/Microcontroller-uni/lab6_master_v1/Core/Src/fmc.c:31:6:MX_FMC_Init	40	static
C:/Users/Gintas/Documents/school/Microcontroller-uni/lab6_master_v1/Core/Src/fmc.c:78:13:HAL_FMC_MspInit	32	static
C:/Users/Gintas/Documents/school/Microcontroller-uni/lab6_master_v1/Core/Src/fmc.c:196:6:HAL_SDRAM_MspInit	16	static
C:/Users/Gintas/Documents/school/Microcontroller-uni/lab6_master_v1/Core/Src/fmc.c:208:13:HAL_FMC_MspDeInit	8	static
C:/Users/Gintas/Documents/school/Microcontroller-uni/lab6_master_v1/Core/Src/fmc.c:283:6:HAL_SDRAM_MspDeInit	16	static
