../Core/Src/stm32f4xx_hal_msp.c:63:6:HAL_MspInit	16	static
../Core/Src/stm32f4xx_hal_msp.c:86:6:HAL_I2C_MspInit	48	static
../Core/Src/stm32f4xx_hal_msp.c:131:6:HAL_I2C_MspDeInit	16	static
../Core/Src/stm32f4xx_hal_msp.c:162:6:HAL_SPI_MspInit	48	static
../Core/Src/stm32f4xx_hal_msp.c:200:6:HAL_SPI_MspDeInit	16	static
../Core/Src/stm32f4xx_hal_msp.c:226:13:HAL_FMC_MspInit	32	static
../Core/Src/stm32f4xx_hal_msp.c:314:6:HAL_SDRAM_MspInit	16	static
../Core/Src/stm32f4xx_hal_msp.c:326:13:HAL_FMC_MspDeInit	8	static
../Core/Src/stm32f4xx_hal_msp.c:386:6:HAL_SDRAM_MspDeInit	16	static
