../Core/Src/main.c:95:5:main	72	static
../Core/Src/main.c:191:6:SystemClock_Config	88	static
../Core/Src/main.c:233:13:MX_SPI3_Init	8	static
../Core/Src/main.c:252:13:MX_TIM2_Init	32	static
../Core/Src/main.c:285:13:MX_SPI4_Init	8	static
../Core/Src/main.c:319:13:MX_FMC_Init	40	static
../Core/Src/main.c:370:13:MX_GPIO_Init	56	static
../Core/Src/main.c:409:6:HAL_TIM_PeriodElapsedCallback	16	static
../Core/Src/main.c:424:6:HAL_SPI_RxCpltCallback	16	static
../Core/Src/main.c:440:6:Error_Handler	4	static,ignoring_inline_asm
