Archive member included to satisfy reference by file (symbol)

C:/Programos/Sussy/STM/STM32CubeIDE_2.0.0/STM32CubeIDE/plugins/com.st.stm32cube.ide.mcu.externaltools.gnu-tools-for-stm32.14.3.rel1.win32_1.0.100.202602081740/tools/bin/../lib/gcc/arm-none-eabi/14.3.1/../../../../arm-none-eabi/lib/thumb/v7e-m+fp/hard\libc_nano.a(libc_a-exit.o)
                              C:/Programos/Sussy/STM/STM32CubeIDE_2.0.0/STM32CubeIDE/plugins/com.st.stm32cube.ide.mcu.externaltools.gnu-tools-for-stm32.14.3.rel1.win32_1.0.100.202602081740/tools/bin/../lib/gcc/arm-none-eabi/14.3.1/../../../../arm-none-eabi/lib/thumb/v7e-m+fp/hard/crt0.o (exit)
C:/Programos/Sussy/STM/STM32CubeIDE_2.0.0/STM32CubeIDE/plugins/com.st.stm32cube.ide.mcu.externaltools.gnu-tools-for-stm32.14.3.rel1.win32_1.0.100.202602081740/tools/bin/../lib/gcc/arm-none-eabi/14.3.1/../../../../arm-none-eabi/lib/thumb/v7e-m+fp/hard\libc_nano.a(libc_a-findfp.o)
                              C:/Programos/Sussy/STM/STM32CubeIDE_2.0.0/STM32CubeIDE/plugins/com.st.stm32cube.ide.mcu.externaltools.gnu-tools-for-stm32.14.3.rel1.win32_1.0.100.202602081740/tools/bin/../lib/gcc/arm-none-eabi/14.3.1/../../../../arm-none-eabi/lib/thumb/v7e-m+fp/hard\libc_nano.a(libc_a-exit.o) (__stdio_exit_handler)
C:/Programos/Sussy/STM/STM32CubeIDE_2.0.0/STM32CubeIDE/plugins/com.st.stm32cube.ide.mcu.externaltools.gnu-tools-for-stm32.14.3.rel1.win32_1.0.100.202602081740/tools/bin/../lib/gcc/arm-none-eabi/14.3.1/../../../../arm-none-eabi/lib/thumb/v7e-m+fp/hard\libc_nano.a(libc_a-fwalk.o)
                              C:/Programos/Sussy/STM/STM32CubeIDE_2.0.0/STM32CubeIDE/plugins/com.st.stm32cube.ide.mcu.externaltools.gnu-tools-for-stm32.14.3.rel1.win32_1.0.100.202602081740/tools/bin/../lib/gcc/arm-none-eabi/14.3.1/../../../../arm-none-eabi/lib/thumb/v7e-m+fp/hard\libc_nano.a(libc_a-findfp.o) (_fwalk_sglue)
C:/Programos/Sussy/STM/STM32CubeIDE_2.0.0/STM32CubeIDE/plugins/com.st.stm32cube.ide.mcu.externaltools.gnu-tools-for-stm32.14.3.rel1.win32_1.0.100.202602081740/tools/bin/../lib/gcc/arm-none-eabi/14.3.1/../../../../arm-none-eabi/lib/thumb/v7e-m+fp/hard\libc_nano.a(libc_a-sprintf.o)
                              ./Core/Src/main.o (sprintf)
C:/Programos/Sussy/STM/STM32CubeIDE_2.0.0/STM32CubeIDE/plugins/com.st.stm32cube.ide.mcu.externaltools.gnu-tools-for-stm32.14.3.rel1.win32_1.0.100.202602081740/tools/bin/../lib/gcc/arm-none-eabi/14.3.1/../../../../arm-none-eabi/lib/thumb/v7e-m+fp/hard\libc_nano.a(libc_a-stdio.o)
                              C:/Programos/Sussy/STM/STM32CubeIDE_2.0.0/STM32CubeIDE/plugins/com.st.stm32cube.ide.mcu.externaltools.gnu-tools-for-stm32.14.3.rel1.win32_1.0.100.202602081740/tools/bin/../lib/gcc/arm-none-eabi/14.3.1/../../../../arm-none-eabi/lib/thumb/v7e-m+fp/hard\libc_nano.a(libc_a-findfp.o) (__sread)
C:/Programos/Sussy/STM/STM32CubeIDE_2.0.0/STM32CubeIDE/plugins/com.st.stm32cube.ide.mcu.externaltools.gnu-tools-for-stm32.14.3.rel1.win32_1.0.100.202602081740/tools/bin/../lib/gcc/arm-none-eabi/14.3.1/../../../../arm-none-eabi/lib/thumb/v7e-m+fp/hard\libc_nano.a(libc_a-memset.o)
                              C:/Programos/Sussy/STM/STM32CubeIDE_2.0.0/STM32CubeIDE/plugins/com.st.stm32cube.ide.mcu.externaltools.gnu-tools-for-stm32.14.3.rel1.win32_1.0.100.202602081740/tools/bin/../lib/gcc/arm-none-eabi/14.3.1/../../../../arm-none-eabi/lib/thumb/v7e-m+fp/hard/crt0.o (memset)
C:/Programos/Sussy/STM/STM32CubeIDE_2.0.0/STM32CubeIDE/plugins/com.st.stm32cube.ide.mcu.externaltools.gnu-tools-for-stm32.14.3.rel1.win32_1.0.100.202602081740/tools/bin/../lib/gcc/arm-none-eabi/14.3.1/../../../../arm-none-eabi/lib/thumb/v7e-m+fp/hard\libc_nano.a(libc_a-closer.o)
                              C:/Programos/Sussy/STM/STM32CubeIDE_2.0.0/STM32CubeIDE/plugins/com.st.stm32cube.ide.mcu.externaltools.gnu-tools-for-stm32.14.3.rel1.win32_1.0.100.202602081740/tools/bin/../lib/gcc/arm-none-eabi/14.3.1/../../../../arm-none-eabi/lib/thumb/v7e-m+fp/hard\libc_nano.a(libc_a-stdio.o) (_close_r)
C:/Programos/Sussy/STM/STM32CubeIDE_2.0.0/STM32CubeIDE/plugins/com.st.stm32cube.ide.mcu.externaltools.gnu-tools-for-stm32.14.3.rel1.win32_1.0.100.202602081740/tools/bin/../lib/gcc/arm-none-eabi/14.3.1/../../../../arm-none-eabi/lib/thumb/v7e-m+fp/hard\libc_nano.a(libc_a-reent.o)
                              C:/Programos/Sussy/STM/STM32CubeIDE_2.0.0/STM32CubeIDE/plugins/com.st.stm32cube.ide.mcu.externaltools.gnu-tools-for-stm32.14.3.rel1.win32_1.0.100.202602081740/tools/bin/../lib/gcc/arm-none-eabi/14.3.1/../../../../arm-none-eabi/lib/thumb/v7e-m+fp/hard\libc_nano.a(libc_a-closer.o) (errno)
C:/Programos/Sussy/STM/STM32CubeIDE_2.0.0/STM32CubeIDE/plugins/com.st.stm32cube.ide.mcu.externaltools.gnu-tools-for-stm32.14.3.rel1.win32_1.0.100.202602081740/tools/bin/../lib/gcc/arm-none-eabi/14.3.1/../../../../arm-none-eabi/lib/thumb/v7e-m+fp/hard\libc_nano.a(libc_a-impure.o)
[...]
Memory Configuration

Name             Origin             Length             Attributes
CCMRAM           0x10000000         0x00010000         xrw
RAM              0x20000000         0x00030000         xrw
FLASH            0x08000000         0x00200000         xr
*default*        0x00000000         0xffffffff

Linker script and memory map

LOAD C:/Programos/Sussy/STM/STM32CubeIDE_2.0.0/STM32CubeIDE/plugins/com.st.stm32cube.ide.mcu.externaltools.gnu-tools-for-stm32.14.3.rel1.win32_1.0.100.202602081740/tools/bin/../lib/gcc/arm-none-eabi/14.3.1/thumb/v7e-m+fp/hard/crti.o
LOAD C:/Programos/Sussy/STM/STM32CubeIDE_2.0.0/STM32CubeIDE/plugins/com.st.stm32cube.ide.mcu.externaltools.gnu-tools-for-stm32.14.3.rel1.win32_1.0.100.202602081740/tools/bin/../lib/gcc/arm-none-eabi/14.3.1/thumb/v7e-m+fp/hard/crtbegin.o
LOAD C:/Programos/Sussy/STM/STM32CubeIDE_2.0.0/STM32CubeIDE/plugins/com.st.stm32cube.ide.mcu.externaltools.gnu-tools-for-stm32.14.3.rel1.win32_1.0.100.202602081740/tools/bin/../lib/gcc/arm-none-eabi/14.3.1/../../../../arm-none-eabi/lib/thumb/v7e-m+fp/hard/crt0.o
LOAD ./Core/Src/font12.o
LOAD ./Core/Src/font16.o
LOAD ./Core/Src/font20.o
LOAD ./Core/Src/font24.o
LOAD ./Core/Src/font8.o
LOAD ./Core/Src/ili9341.o
LOAD ./Core/Src/main.o
LOAD ./Core/Src/stm32f4xx_hal_msp.o
LOAD ./Core/Src/stm32f4xx_it.o
LOAD ./Core/Src/syscalls.o
LOAD ./Core/Src/sysmem.o
LOAD ./Core/Src/system_stm32f4xx.o
LOAD ./Core/Startup/startup_stm32f429zitx.o
LOAD ./Drivers/BSP/STM32F429I-Discovery/stm32f429i_discovery.o
LOAD ./Drivers/BSP/STM32F429I-Discovery/stm32f429i_discovery_lcd.o
LOAD ./Drivers/BSP/STM32F429I-Discovery/stm32f429i_discovery_sdram.o
LOAD ./Drivers/STM32F4xx_HAL_Driver/Src/stm32f4xx_hal.o
LOAD ./Drivers/STM32F4xx_HAL_Driver/Src/stm32f4xx_hal_cortex.o
LOAD ./Drivers/STM32F4xx_HAL_Driver/Src/stm32f4xx_hal_dma.o
LOAD ./Drivers/STM32F4xx_HAL_Driver/Src/stm32f4xx_hal_dma2d.o
LOAD ./Drivers/STM32F4xx_HAL_Driver/Src/stm32f4xx_hal_dma_ex.o
LOAD ./Drivers/STM32F4xx_HAL_Driver/Src/stm32f4xx_hal_dsi.o
LOAD ./Drivers/STM32F4xx_HAL_Driver/Src/stm32f4xx_hal_exti.o
LOAD ./Drivers/STM32F4xx_HAL_Driver/Src/stm32f4xx_hal_flash.o
LOAD ./Drivers/STM32F4xx_HAL_Driver/Src/stm32f4xx_hal_flash_ex.o
LOAD ./Drivers/STM32F4xx_HAL_Driver/Src/stm32f4xx_hal_flash_ramfunc.o
LOAD ./Drivers/STM32F4xx_HAL_Driver/Src/stm32f4xx_hal_gpio.o
LOAD ./Drivers/STM32F4xx_HAL_Driver/Src/stm32f4xx_hal_i2c.o
LOAD ./Drivers/STM32F4xx_HAL_Driver/Src/stm32f4xx_hal_i2c_ex.o
LOAD ./Drivers/STM32F4xx_HAL_Driver/Src/stm32f4xx_hal_ltdc.o
LOAD ./Drivers/STM32F4xx_HAL_Driver/Src/stm32f4xx_hal_ltdc_ex.o
LOAD ./Drivers/STM32F4xx_HAL_Driver/Src/stm32f4xx_hal_nand.o
LOAD ./Drivers/STM32F4xx_HAL_Driver/Src/stm32f4xx_hal_nor.o
LOAD ./Drivers/STM32F4xx_HAL_Driver/Src/stm32f4xx_hal_pccard.o
LOAD ./Drivers/STM32F4xx_HAL_Driver/Src/stm32f4xx_hal_pwr.o
LOAD ./Drivers/STM32F4xx_HAL_Driver/Src/stm32f4xx_hal_pwr_ex.o
LOAD ./Drivers/STM32F4xx_HAL_Driver/Src/stm32f4xx_hal_rcc.o
LOAD ./Drivers/STM32F4xx_HAL_Driver/Src/stm32f4xx_hal_rcc_ex.o
LOAD ./Drivers/STM32F4xx_HAL_Driver/Src/stm32f4xx_hal_sdram.o
LOAD ./Drivers/STM32F4xx_HAL_Driver/Src/stm32f4xx_hal_spi.o
LOAD ./Drivers/STM32F4xx_HAL_Driver/Src/stm32f4xx_hal_sram.o
LOAD ./Drivers/STM32F4xx_HAL_Driver/Src/stm32f4xx_ll_fmc.o
START GROUP
LOAD C:/Programos/Sussy/STM/STM32CubeIDE_2.0.0/STM32CubeIDE/plugins/com.st.stm32cube.ide.mcu.externaltools.gnu-tools-for-stm32.14.3.rel1.win32_1.0.100.202602081740/tools/bin/../lib/gcc/arm-none-eabi/14.3.1/../../../../arm-none-eabi/lib/thumb/v7e-m+fp/hard\libc_nano.a
LOAD C:/Programos/Sussy/STM/STM32CubeIDE_2.0.0/STM32CubeIDE/plugins/com.st.stm32cube.ide.mcu.externaltools.gnu-tools-for-stm32.14.3.rel1.win32_1.0.100.202602081740/tools/bin/../lib/gcc/arm-none-eabi/14.3.1/../../../../arm-none-eabi/lib/thumb/v7e-m+fp/hard\libm.a
END GROUP
START GROUP
LOAD C:/Programos/Sussy/STM/STM32CubeIDE_2.0.0/STM32CubeIDE/plugins/com.st.stm32cube.ide.mcu.externaltools.gnu-tools-for-stm32.14.3.rel1.win32_1.0.100.202602081740/tools/bin/../lib/gcc/arm-none-eabi/14.3.1/thumb/v7e-m+fp/hard\libgcc.a
LOAD C:/Programos/Sussy/STM/STM32CubeIDE_2.0.0/STM32CubeIDE/plugins/com.st.stm32cube.ide.mcu.externaltools.gnu-tools-for-stm32.14.3.rel1.win32_1.0.100.202602081740/tools/bin/../lib/gcc/arm-none-eabi/14.3.1/../../../../arm-none-eabi/lib/thumb/v7e-m+fp/hard\libc_nano.a
END GROUP
START GROUP
LOAD C:/Programos/Sussy/STM/STM32CubeIDE_2.0.0/STM32CubeIDE/plugins/com.st.stm32cube.ide.mcu.externaltools.gnu-tools-for-stm32.14.3.rel1.win32_1.0.100.202602081740/tools/bin/../lib/gcc/arm-none-eabi/14.3.1/thumb/v7e-m+fp/hard\libgcc.a
LOAD C:/Programos/Sussy/STM/STM32CubeIDE_2.0.0/STM32CubeIDE/plugins/com.st.stm32cube.ide.mcu.externaltools.gnu-tools-for-stm32.14.3.rel1.win32_1.0.100.202602081740/tools/bin/../lib/gcc/arm-none-eabi/14.3.1/../../../../arm-none-eabi/lib/thumb/v7e-m+fp/hard\libc_nano.a
LOAD C:/Programos/Sussy/STM/STM32CubeIDE_2.0.0/STM32CubeIDE/plugins/com.st.stm32cube.ide.mcu.externaltools.gnu-tools-for-stm32.14.3.rel1.win32_1.0.100.202602081740/tools/bin/../lib/gcc/arm-none-eabi/14.3.1/../../../../arm-none-eabi/lib/thumb/v7e-m+fp/hard\libnosys.a
END GROUP
START GROUP
LOAD C:/Programos/Sussy/STM/STM32CubeIDE_2.0.0/STM32CubeIDE/plugins/com.st.stm32cube.ide.mcu.externaltools.gnu-tools-for-stm32.14.3.rel1.win32_1.0.100.202602081740/tools/bin/../lib/gcc/arm-none-eabi/14.3.1/thumb/v7e-m+fp/hard\libgcc.a
LOAD C:/Programos/Sussy/STM/STM32CubeIDE_2.0.0/STM32CubeIDE/plugins/com.st.stm32cube.ide.mcu.externaltools.gnu-tools-for-stm32.14.3.rel1.win32_1.0.100.202602081740/tools/bin/../lib/gcc/arm-none-eabi/14.3.1/../../../../arm-none-eabi/lib/thumb/v7e-m+fp/hard\libc_nano.a
LOAD C:/Programos/Sussy/STM/STM32CubeIDE_2.0.0/STM32CubeIDE/plugins/com.st.stm32cube.ide.mcu.externaltools.gnu-tools-for-stm32.14.3.rel1.win32_1.0.100.202602081740/tools/bin/../lib/gcc/arm-none-eabi/14.3.1/../../../../arm-none-eabi/lib/thumb/v7e-m+fp/hard\libnosys.a
END GROUP
LOAD C:/Programos/Sussy/STM/STM32CubeIDE_2.0.0/STM32CubeIDE/plugins/com.st.stm32cube.ide.mcu.externaltools.gnu-tools-for-stm32.14.3.rel1.win32_1.0.100.202602081740/tools/bin/../lib/gcc/arm-none-eabi/14.3.1/thumb/v7e-m+fp/hard/crtend.o
LOAD C:/Programos/Sussy/STM/STM32CubeIDE_2.0.0/STM32CubeIDE/plugins/com.st.stm32cube.ide.mcu.externaltools.gnu-tools-for-stm32.14.3.rel1.win32_1.0.100.202602081740/tools/bin/../lib/gcc/arm-none-eabi/14.3.1/thumb/v7e-m+fp/hard/crtn.o
                0x20030000                        _estack = (ORIGIN (RAM) + LENGTH (RAM))
                0x00000200                        _Min_Heap_Size = 0x200
                0x00000400                        _Min_Stack_Size = 0x400

.isr_vector     0x08000000      0x1ac
                0x08000000                        . = ALIGN (0x4)
 *(.isr_vector)
 .isr_vector    0x08000000      0x1ac ./Core/Startup/startup_stm32f429zitx.o
                0x08000000                g_pfnVectors
                0x080001ac                        . = ALIGN (0x4)

.text           0x080001b0     0x684c
                0x080001b0                        . = ALIGN (0x4)
 *(.text)
 .text          0x080001b0       0x40 C:/Programos/Sussy/STM/STM32CubeIDE_2.0.0/STM32CubeIDE/plugins/com.st.stm32cube.ide.mcu.externaltools.gnu-tools-for-stm32.14.3.rel1.win32_1.0.100.202602081740/tools/bin/../lib/gcc/arm-none-eabi/14.3.1/thumb/v7e-m+fp/hard/crtbegin.o
 .text          0x080001f0       0xa0 C:/Programos/Sussy/STM/STM32CubeIDE_2.0.0/STM32CubeIDE/plugins/com.st.stm32cube.ide.mcu.externaltools.gnu-tools-for-stm32.14.3.rel1.win32_1.0.100.202602081740/tools/bin/../lib/gcc/arm-none-eabi/14.3.1/../../../../arm-none-eabi/lib/thumb/v7e-m+fp/hard\libc_nano.a(libc_a-memchr.o)
                0x080001f0                memchr
 .text          0x08000290       0x30 C:/Programos/Sussy/STM/STM32CubeIDE_2.0.0/STM32CubeIDE/plugins/com.st.stm32cube.ide.mcu.externaltools.gnu-tools-for-stm32.14.3.rel1.win32_1.0.100.202602081740/tools/bin/../lib/gcc/arm-none-eabi/14.3.1/thumb/v7e-m+fp/hard\libgcc.a(_aeabi_uldivmod.o)
                0x08000290                __aeabi_uldivmod
 .text          0x080002c0      0x2f8 C:/Programos/Sussy/STM/STM32CubeIDE_2.0.0/STM32CubeIDE/plugins/com.st.stm32cube.ide.mcu.externaltools.gnu-tools-for-stm32.14.3.rel1.win32_1.0.100.202602081740/tools/bin/../lib/gcc/arm-none-eabi/14.3.1/thumb/v7e-m+fp/hard\libgcc.a(_udivmoddi4.o)
                0x080002c0                __udivmoddi4
 .text          0x080005b8        0x4 C:/Programos/Sussy/STM/STM32CubeIDE_2.0.0/STM32CubeIDE/plugins/com.st.stm32cube.ide.mcu.externaltools.gnu-tools-for-stm32.14.3.rel1.win32_1.0.100.202602081740/tools/bin/../lib/gcc/arm-none-eabi/14.3.1/thumb/v7e-m+fp/hard\libgcc.a(_dvmd_tls.o)
                0x080005b8                __aeabi_idiv0
                0x080005b8                __aeabi_ldiv0
 *(.text*)
 .text.ili9341_Init
                0x080005bc      0x294 ./Core/Src/ili9341.o
                0x080005bc                ili9341_Init
 .text.ili9341_ReadID
                0x08000850       0x18 ./Core/Src/ili9341.o
                0x08000850                ili9341_ReadID
 .text.ili9341_DisplayOn
                0x08000868        0xe ./Core/Src/ili9341.o
                0x08000868                ili9341_DisplayOn
 .text.ili9341_DisplayOff
                0x08000876        0xe ./Core/Src/ili9341.o
                0x08000876                ili9341_DisplayOff
 .text.ili9341_WriteReg
                0x08000884       0x1a ./Core/Src/ili9341.o
                0x08000884                ili9341_WriteReg
 .text.ili9341_WriteData
                0x0800089e       0x1a ./Core/Src/ili9341.o
                0x0800089e                ili9341_WriteData
 .text.ili9341_ReadData
                0x080008b8       0x26 ./Core/Src/ili9341.o
                0x080008b8                ili9341_ReadData
 .text.ili9341_GetLcdPixelWidth
                0x080008de       0x10 ./Core/Src/ili9341.o
                0x080008de                ili9341_GetLcdPixelWidth
 .text.ili9341_GetLcdPixelHeight
                0x080008ee       0x12 ./Core/Src/ili9341.o
                0x080008ee                ili9341_GetLcdPixelHeight
 .text.main     0x08000900       0xe4 ./Core/Src/main.o
                0x08000900                main
 .text.SystemClock_Config
                0x080009e4       0xd4 ./Core/Src/main.o
                0x080009e4                SystemClock_Config
 .text.MX_DMA2D_Init
                0x08000ab8       0x64 ./Core/Src/main.o
 .text.MX_I2C3_Init
                0x08000b1c       0x80 ./Core/Src/main.o
 .text.MX_LTDC_Init
                0x08000b9c      0x164 ./Core/Src/main.o
 .text.MX_SPI5_Init
                0x08000d00       0x6c ./Core/Src/main.o
 .text.MX_FMC_Init
                0x08000d6c       0xa0 ./Core/Src/main.o
 .text.MX_GPIO_Init
                0x08000e0c       0xdc ./Core/Src/main.o
 .text.Error_Handler
                0x08000ee8        0xc ./Core/Src/main.o
                0x08000ee8                Error_Handler
 .text.HAL_MspInit
                0x08000ef4       0x50 ./Core/Src/stm32f4xx_hal_msp.o
                0x08000ef4                HAL_MspInit
 .text.HAL_DMA2D_MspInit
                0x08000f44       0x44 ./Core/Src/stm32f4xx_hal_msp.o
                0x08000f44                HAL_DMA2D_MspInit
 .text.HAL_I2C_MspInit
                0x08000f88       0xd4 ./Core/Src/stm32f4xx_hal_msp.o
                0x08000f88                HAL_I2C_MspInit
 .text.HAL_LTDC_MspInit
                0x0800105c      0x250 ./Core/Src/stm32f4xx_hal_msp.o
                0x0800105c                HAL_LTDC_MspInit
 .text.HAL_SPI_MspInit
                0x080012ac       0x90 ./Core/Src/stm32f4xx_hal_msp.o
                0x080012ac                HAL_SPI_MspInit
 .text.HAL_SPI_MspDeInit
                0x0800133c       0x3c ./Core/Src/stm32f4xx_hal_msp.o
                0x0800133c                HAL_SPI_MspDeInit
 .text.HAL_FMC_MspInit
                0x08001378      0x104 ./Core/Src/stm32f4xx_hal_msp.o
 .text.HAL_SDRAM_MspInit
                0x0800147c       0x14 ./Core/Src/stm32f4xx_hal_msp.o
                0x0800147c                HAL_SDRAM_MspInit
 .text.NMI_Handler
                0x08001490        0x8 ./Core/Src/stm32f4xx_it.o
                0x08001490                NMI_Handler
 .text.HardFault_Handler
                0x08001498        0x8 ./Core/Src/stm32f4xx_it.o
                0x08001498                HardFault_Handler
 .text.MemManage_Handler
                0x080014a0        0x8 ./Core/Src/stm32f4xx_it.o
                0x080014a0                MemManage_Handler
 .text.BusFault_Handler
                0x080014a8        0x8 ./Core/Src/stm32f4xx_it.o
                0x080014a8                BusFault_Handler
 .text.UsageFault_Handler
                0x080014b0        0x8 ./Core/Src/stm32f4xx_it.o
                0x080014b0                UsageFault_Handler
 .text.SVC_Handler
                0x080014b8        0xe ./Core/Src/stm32f4xx_it.o
                0x080014b8                SVC_Handler
 .text.DebugMon_Handler
                0x080014c6        0xe ./Core/Src/stm32f4xx_it.o
                0x080014c6                DebugMon_Handler
 .text.PendSV_Handler
                0x080014d4        0xe ./Core/Src/stm32f4xx_it.o
                0x080014d4                PendSV_Handler
 .text.SysTick_Handler
                0x080014e2        0xc ./Core/Src/stm32f4xx_it.o
                0x080014e2                SysTick_Handler
 *fill*         0x080014ee        0x2 
 .text._sbrk    0x080014f0       0x6c ./Core/Src/sysmem.o
                0x080014f0                _sbrk
 .text.SystemInit
                0x0800155c       0x24 ./Core/Src/system_stm32f4xx.o
                0x0800155c                SystemInit
 .text.Reset_Handler
                0x08001580       0x50 ./Core/Startup/startup_stm32f429zitx.o
                0x08001580                Reset_Handler
 .text.Default_Handler
                0x080015d0        0x2 ./Core/Startup/startup_stm32f429zitx.o
                0x080015d0                RTC_Alarm_IRQHandler
                0x080015d0                HASH_RNG_IRQHandler
                0x080015d0                EXTI2_IRQHandler
                0x080015d0                TIM8_CC_IRQHandler
                0x080015d0                UART8_IRQHandler
                0x080015d0                SPI4_IRQHandler
                0x080015d0                TIM1_CC_IRQHandler
                0x080015d0                DMA2_Stream5_IRQHandler
                0x080015d0                DMA1_Stream5_IRQHandler
                0x080015d0                PVD_IRQHandler
                0x080015d0                SDIO_IRQHandler
                0x080015d0                TAMP_STAMP_IRQHandler
                0x080015d0                CAN2_RX1_IRQHandler
                0x080015d0                EXTI3_IRQHandler
                0x080015d0                TIM8_TRG_COM_TIM14_IRQHandler
                0x080015d0                TIM1_UP_TIM10_IRQHandler
                0x080015d0                TIM8_UP_TIM13_IRQHandler
                0x080015d0                I2C3_ER_IRQHandler
                0x080015d0                EXTI0_IRQHandler
                0x080015d0                I2C2_EV_IRQHandler
                0x080015d0                DMA1_Stream2_IRQHandler
                0x080015d0                CAN1_RX0_IRQHandler
                0x080015d0                FPU_IRQHandler
                0x080015d0                OTG_HS_WKUP_IRQHandler
                0x080015d0                LTDC_ER_IRQHandler
                0x080015d0                CAN2_SCE_IRQHandler
                0x080015d0                DMA2_Stream2_IRQHandler
                0x080015d0                SPI1_IRQHandler
                0x080015d0                TIM6_DAC_IRQHandler
                0x080015d0                TIM1_BRK_TIM9_IRQHandler
                0x080015d0                DCMI_IRQHandler
                0x080015d0                CAN2_RX0_IRQHandler
                0x080015d0                DMA2_Stream3_IRQHandler
                0x080015d0                USART6_IRQHandler
                0x080015d0                USART3_IRQHandler
                0x080015d0                CAN1_RX1_IRQHandler
                0x080015d0                UART5_IRQHandler
                0x080015d0                DMA2_Stream0_IRQHandler
                0x080015d0                TIM4_IRQHandler
                0x080015d0                I2C1_EV_IRQHandler
                0x080015d0                DMA1_Stream6_IRQHandler
                0x080015d0                DMA1_Stream1_IRQHandler
                0x080015d0                UART4_IRQHandler
                0x080015d0                TIM3_IRQHandler
                0x080015d0                RCC_IRQHandler
                0x080015d0                TIM8_BRK_TIM12_IRQHandler
                0x080015d0                Default_Handler
                0x080015d0                EXTI15_10_IRQHandler
                0x080015d0                ADC_IRQHandler
                0x080015d0                DMA1_Stream7_IRQHandler
                0x080015d0                SPI5_IRQHandler
                0x080015d0                TIM7_IRQHandler
                0x080015d0                CAN2_TX_IRQHandler
                0x080015d0                TIM5_IRQHandler
                0x080015d0                DMA2_Stream7_IRQHandler
                0x080015d0                I2C3_EV_IRQHandler
                0x080015d0                EXTI9_5_IRQHandler
                0x080015d0                RTC_WKUP_IRQHandler
                0x080015d0                LTDC_IRQHandler
                0x080015d0                ETH_WKUP_IRQHandler
                0x080015d0                SPI2_IRQHandler
                0x080015d0                OTG_HS_EP1_IN_IRQHandler
                0x080015d0                DMA1_Stream0_IRQHandler
                0x080015d0                CAN1_TX_IRQHandler
                0x080015d0                EXTI4_IRQHandler
                0x080015d0                ETH_IRQHandler
                0x080015d0                OTG_HS_EP1_OUT_IRQHandler
                0x080015d0                WWDG_IRQHandler
                0x080015d0                SPI6_IRQHandler
                0x080015d0                TIM2_IRQHandler
                0x080015d0                OTG_FS_WKUP_IRQHandler
                0x080015d0                TIM1_TRG_COM_TIM11_IRQHandler
                0x080015d0                OTG_HS_IRQHandler
                0x080015d0                DMA2D_IRQHandler
                0x080015d0                EXTI1_IRQHandler
                0x080015d0                UART7_IRQHandler
                0x080015d0                USART2_IRQHandler
                0x080015d0                I2C2_ER_IRQHandler
                0x080015d0                DMA2_Stream1_IRQHandler
                0x080015d0                CAN1_SCE_IRQHandler
                0x080015d0                FLASH_IRQHandler
                0x080015d0                DMA2_Stream4_IRQHandler
                0x080015d0                USART1_IRQHandler
                0x080015d0                OTG_FS_IRQHandler
                0x080015d0                SPI3_IRQHandler
                0x080015d0                DMA1_Stream4_IRQHandler
                0x080015d0                I2C1_ER_IRQHandler
                0x080015d0                FMC_IRQHandler
                0x080015d0                DMA2_Stream6_IRQHandler
                0x080015d0                SAI1_IRQHandler
                0x080015d0                DMA1_Stream3_IRQHandler
 *fill*         0x080015d2        0x2 
 .text.SPIx_Init
                0x080015d4       0x74 ./Drivers/BSP/STM32F429I-Discovery/stm32f429i_discovery.o
 .text.SPIx_Read
                0x08001648       0x40 ./Drivers/BSP/STM32F429I-Discovery/stm32f429i_discovery.o
 .text.SPIx_Write
                0x08001688       0x3c ./Drivers/BSP/STM32F429I-Discovery/stm32f429i_discovery.o
 .text.SPIx_Error
                0x080016c4       0x18 ./Drivers/BSP/STM32F429I-Discovery/stm32f429i_discovery.o
 .text.SPIx_MspInit
                0x080016dc       0x74 ./Drivers/BSP/STM32F429I-Discovery/stm32f429i_discovery.o
 .text.LCD_IO_Init
                0x08001750       0xf0 ./Drivers/BSP/STM32F429I-Discovery/stm32f429i_discovery.o
                0x08001750                LCD_IO_Init
 .text.LCD_IO_WriteData
                0x08001840       0x44 ./Drivers/BSP/STM32F429I-Discovery/stm32f429i_discovery.o
                0x08001840                LCD_IO_WriteData
 .text.LCD_IO_WriteReg
                0x08001884       0x44 ./Drivers/BSP/STM32F429I-Discovery/stm32f429i_discovery.o
                0x08001884                LCD_IO_WriteReg
 .text.LCD_IO_ReadData
                0x080018c8       0x64 ./Drivers/BSP/STM32F429I-Discovery/stm32f429i_discovery.o
                0x080018c8                LCD_IO_ReadData
 .text.LCD_Delay
                0x0800192c       0x16 ./Drivers/BSP/STM32F429I-Discovery/stm32f429i_discovery.o
                0x0800192c                LCD_Delay
 *fill*         0x08001942        0x2 
 .text.BSP_LCD_Init
                0x08001944       0xd4 ./Drivers/BSP/STM32F429I-Discovery/stm32f429i_discovery_lcd.o
                0x08001944                BSP_LCD_Init
 .text.BSP_LCD_GetXSize
                0x08001a18       0x18 ./Drivers/BSP/STM32F429I-Discovery/stm32f429i_discovery_lcd.o
                0x08001a18                BSP_LCD_GetXSize
 .text.BSP_LCD_GetYSize
                0x08001a30       0x18 ./Drivers/BSP/STM32F429I-Discovery/stm32f429i_discovery_lcd.o
                0x08001a30                BSP_LCD_GetYSize
 .text.BSP_LCD_LayerDefaultInit
                0x08001a48       0xc8 ./Drivers/BSP/STM32F429I-Discovery/stm32f429i_discovery_lcd.o
                0x08001a48                BSP_LCD_LayerDefaultInit
 .text.BSP_LCD_SelectLayer
                0x08001b10       0x20 ./Drivers/BSP/STM32F429I-Discovery/stm32f429i_discovery_lcd.o
                0x08001b10                BSP_LCD_SelectLayer
 .text.BSP_LCD_SetTextColor
                0x08001b30       0x30 ./Drivers/BSP/STM32F429I-Discovery/stm32f429i_discovery_lcd.o
                0x08001b30                BSP_LCD_SetTextColor
 .text.BSP_LCD_SetBackColor
                0x08001b60       0x34 ./Drivers/BSP/STM32F429I-Discovery/stm32f429i_discovery_lcd.o
                0x08001b60                BSP_LCD_SetBackColor
 .text.BSP_LCD_SetFont
                0x08001b94       0x34 ./Drivers/BSP/STM32F429I-Discovery/stm32f429i_discovery_lcd.o
                0x08001b94                BSP_LCD_SetFont
 .text.BSP_LCD_GetFont
                0x08001bc8       0x2c ./Drivers/BSP/STM32F429I-Discovery/stm32f429i_discovery_lcd.o
                0x08001bc8                BSP_LCD_GetFont
 .text.BSP_LCD_Clear
                0x08001bf4       0x50 ./Drivers/BSP/STM32F429I-Discovery/stm32f429i_discovery_lcd.o
                0x08001bf4                BSP_LCD_Clear
 .text.BSP_LCD_DisplayChar
                0x08001c44       0x88 ./Drivers/BSP/STM32F429I-Discovery/stm32f429i_discovery_lcd.o
                0x08001c44                BSP_LCD_DisplayChar
 .text.BSP_LCD_DisplayStringAt
                0x08001ccc      0x17c ./Drivers/BSP/STM32F429I-Discovery/stm32f429i_discovery_lcd.o
                0x08001ccc                BSP_LCD_DisplayStringAt
 .text.BSP_LCD_DisplayStringAtLine
                0x08001e48       0x2e ./Drivers/BSP/STM32F429I-Discovery/stm32f429i_discovery_lcd.o
                0x08001e48                BSP_LCD_DisplayStringAtLine
 *fill*         0x08001e76        0x2 
 .text.BSP_LCD_DisplayOn
                0x08001e78       0x20 ./Drivers/BSP/STM32F429I-Discovery/stm32f429i_discovery_lcd.o
                0x08001e78                BSP_LCD_DisplayOn
 .text.BSP_LCD_MspInit
                0x08001e98      0x1ac ./Drivers/BSP/STM32F429I-Discovery/stm32f429i_discovery_lcd.o
                0x08001e98                BSP_LCD_MspInit
 .text.BSP_LCD_DrawPixel
                0x08002044       0x4c ./Drivers/BSP/STM32F429I-Discovery/stm32f429i_discovery_lcd.o
                0x08002044                BSP_LCD_DrawPixel
 .text.DrawChar
                0x08002090      0x174 ./Drivers/BSP/STM32F429I-Discovery/stm32f429i_discovery_lcd.o
 .text.FillBuffer
                0x08002204       0x70 ./Drivers/BSP/STM32F429I-Discovery/stm32f429i_discovery_lcd.o
 .text.BSP_SDRAM_Init
                0x08002274       0xbc ./Drivers/BSP/STM32F429I-Discovery/stm32f429i_discovery_sdram.o
                0x08002274                BSP_SDRAM_Init
 .text.BSP_SDRAM_Initialization_sequence
                0x08002330       0xc0 ./Drivers/BSP/STM32F429I-Discovery/stm32f429i_discovery_sdram.o
                0x08002330                BSP_SDRAM_Initialization_sequence
 .text.BSP_SDRAM_MspInit
                0x080023f0      0x218 ./Drivers/BSP/STM32F429I-Discovery/stm32f429i_discovery_sdram.o
                0x080023f0                BSP_SDRAM_MspInit
 .text.HAL_Init
                0x08002608       0x44 ./Drivers/STM32F4xx_HAL_Driver/Src/stm32f4xx_hal.o
                0x08002608                HAL_Init
 .text.HAL_InitTick
                0x0800264c       0x60 ./Drivers/STM32F4xx_HAL_Driver/Src/stm32f4xx_hal.o
                0x0800264c                HAL_InitTick
 .text.HAL_IncTick
                0x080026ac       0x28 ./Drivers/STM32F4xx_HAL_Driver/Src/stm32f4xx_hal.o
                0x080026ac                HAL_IncTick
 .text.HAL_GetTick
                0x080026d4       0x18 ./Drivers/STM32F4xx_HAL_Driver/Src/stm32f4xx_hal.o
                0x080026d4                HAL_GetTick
 .text.HAL_Delay
                0x080026ec       0x48 ./Drivers/STM32F4xx_HAL_Driver/Src/stm32f4xx_hal.o
                0x080026ec                HAL_Delay
 .text.__NVIC_SetPriorityGrouping
                0x08002734       0x48 ./Drivers/STM32F4xx_HAL_Driver/Src/stm32f4xx_hal_cortex.o
 .text.__NVIC_GetPriorityGrouping
                0x0800277c       0x1c ./Drivers/STM32F4xx_HAL_Driver/Src/stm32f4xx_hal_cortex.o
 .text.__NVIC_EnableIRQ
                0x08002798       0x3c ./Drivers/STM32F4xx_HAL_Driver/Src/stm32f4xx_hal_cortex.o
 .text.__NVIC_SetPriority
                0x080027d4       0x54 ./Drivers/STM32F4xx_HAL_Driver/Src/stm32f4xx_hal_cortex.o
 .text.NVIC_EncodePriority
                0x08002828       0x66 ./Drivers/STM32F4xx_HAL_Driver/Src/stm32f4xx_hal_cortex.o
 *fill*         0x0800288e        0x2 
 .text.SysTick_Config
                0x08002890       0x44 ./Drivers/STM32F4xx_HAL_Driver/Src/stm32f4xx_hal_cortex.o
 .text.HAL_NVIC_SetPriorityGrouping
                0x080028d4       0x16 ./Drivers/STM32F4xx_HAL_Driver/Src/stm32f4xx_hal_cortex.o
                0x080028d4                HAL_NVIC_SetPriorityGrouping
 .text.HAL_NVIC_SetPriority
                0x080028ea       0x38 ./Drivers/STM32F4xx_HAL_Driver/Src/stm32f4xx_hal_cortex.o
                0x080028ea                HAL_NVIC_SetPriority
 .text.HAL_NVIC_EnableIRQ
                0x08002922       0x1c ./Drivers/STM32F4xx_HAL_Driver/Src/stm32f4xx_hal_cortex.o
                0x08002922                HAL_NVIC_EnableIRQ
 .text.HAL_SYSTICK_Config
                0x0800293e       0x18 ./Drivers/STM32F4xx_HAL_Driver/Src/stm32f4xx_hal_cortex.o
                0x0800293e                HAL_SYSTICK_Config
 *fill*         0x08002956        0x2 
 .text.HAL_DMA_Init
                0x08002958      0x15c ./Drivers/STM32F4xx_HAL_Driver/Src/stm32f4xx_hal_dma.o
                0x08002958                HAL_DMA_Init
 .text.HAL_DMA_DeInit
                0x08002ab4       0xbc ./Drivers/STM32F4xx_HAL_Driver/Src/stm32f4xx_hal_dma.o
                0x08002ab4                HAL_DMA_DeInit
 .text.DMA_CalcBaseAndBitshift
                0x08002b70       0x6c ./Drivers/STM32F4xx_HAL_Driver/Src/stm32f4xx_hal_dma.o
 .text.DMA_CheckFifoParam
                0x08002bdc       0xf8 ./Drivers/STM32F4xx_HAL_Driver/Src/stm32f4xx_hal_dma.o
 .text.HAL_DMA2D_Init
                0x08002cd4       0x92 ./Drivers/STM32F4xx_HAL_Driver/Src/stm32f4xx_hal_dma2d.o
                0x08002cd4                HAL_DMA2D_Init
 .text.HAL_DMA2D_Start
                0x08002d66       0x56 ./Drivers/STM32F4xx_HAL_Driver/Src/stm32f4xx_hal_dma2d.o
                0x08002d66                HAL_DMA2D_Start
 .text.HAL_DMA2D_PollForTransfer
                0x08002dbc      0x1d2 ./Drivers/STM32F4xx_HAL_Driver/Src/stm32f4xx_hal_dma2d.o
                0x08002dbc                HAL_DMA2D_PollForTransfer
 *fill*         0x08002f8e        0x2 
 .text.HAL_DMA2D_ConfigLayer
                0x08002f90      0x124 ./Drivers/STM32F4xx_HAL_Driver/Src/stm32f4xx_hal_dma2d.o
                0x08002f90                HAL_DMA2D_ConfigLayer
 .text.DMA2D_SetConfig
                0x080030b4      0x138 ./Drivers/STM32F4xx_HAL_Driver/Src/stm32f4xx_hal_dma2d.o
 .text.HAL_GPIO_Init
                0x080031ec      0x358 ./Drivers/STM32F4xx_HAL_Driver/Src/stm32f4xx_hal_gpio.o
                0x080031ec                HAL_GPIO_Init
 .text.HAL_GPIO_DeInit
                0x08003544      0x218 ./Drivers/STM32F4xx_HAL_Driver/Src/stm32f4xx_hal_gpio.o
                0x08003544                HAL_GPIO_DeInit
 .text.HAL_GPIO_WritePin
                0x0800375c       0x32 ./Drivers/STM32F4xx_HAL_Driver/Src/stm32f4xx_hal_gpio.o
                0x0800375c                HAL_GPIO_WritePin
 *fill*         0x0800378e        0x2 
 .text.HAL_I2C_Init
                0x08003790      0x288 ./Drivers/STM32F4xx_HAL_Driver/Src/stm32f4xx_hal_i2c.o
                0x08003790                HAL_I2C_Init
 .text.HAL_I2C_Slave_Receive
                0x08003a18      0x214 ./Drivers/STM32F4xx_HAL_Driver/Src/stm32f4xx_hal_i2c.o
                0x08003a18                HAL_I2C_Slave_Receive
 .text.I2C_WaitOnFlagUntilTimeout
                0x08003c2c       0xf4 ./Drivers/STM32F4xx_HAL_Driver/Src/stm32f4xx_hal_i2c.o
 .text.I2C_WaitOnSTOPFlagUntilTimeout
                0x08003d20       0x88 ./Drivers/STM32F4xx_HAL_Driver/Src/stm32f4xx_hal_i2c.o
 .text.I2C_WaitOnRXNEFlagUntilTimeout
                0x08003da8       0xba ./Drivers/STM32F4xx_HAL_Driver/Src/stm32f4xx_hal_i2c.o
 .text.I2C_IsAcknowledgeFailed
                0x08003e62       0x5e ./Drivers/STM32F4xx_HAL_Driver/Src/stm32f4xx_hal_i2c.o
 .text.HAL_I2CEx_ConfigAnalogFilter
                0x08003ec0       0x78 ./Drivers/STM32F4xx_HAL_Driver/Src/stm32f4xx_hal_i2c_ex.o
                0x08003ec0                HAL_I2CEx_ConfigAnalogFilter
 .text.HAL_I2CEx_ConfigDigitalFilter
                0x08003f38       0x7e ./Drivers/STM32F4xx_HAL_Driver/Src/stm32f4xx_hal_i2c_ex.o
                0x08003f38                HAL_I2CEx_ConfigDigitalFilter
 .text.HAL_LTDC_Init
                0x08003fb6      0x13a ./Drivers/STM32F4xx_HAL_Driver/Src/stm32f4xx_hal_ltdc.o
                0x08003fb6                HAL_LTDC_Init
 .text.HAL_LTDC_ConfigLayer
                0x080040f0       0x7c ./Drivers/STM32F4xx_HAL_Driver/Src/stm32f4xx_hal_ltdc.o
                0x080040f0                HAL_LTDC_ConfigLayer
 .text.HAL_LTDC_EnableDither
                0x0800416c       0x54 ./Drivers/STM32F4xx_HAL_Driver/Src/stm32f4xx_hal_ltdc.o
                0x0800416c                HAL_LTDC_EnableDither
 .text.LTDC_SetConfig
                0x080041c0      0x2e6 ./Drivers/STM32F4xx_HAL_Driver/Src/stm32f4xx_hal_ltdc.o
 *fill*         0x080044a6        0x2 
 .text.HAL_RCC_OscConfig
                0x080044a8      0x4f0 ./Drivers/STM32F4xx_HAL_Driver/Src/stm32f4xx_hal_rcc.o
                0x080044a8                HAL_RCC_OscConfig
 .text.HAL_RCC_ClockConfig
                0x08004998      0x1cc ./Drivers/STM32F4xx_HAL_Driver/Src/stm32f4xx_hal_rcc.o
                0x08004998                HAL_RCC_ClockConfig
 .text.HAL_RCC_GetSysClockFreq
                0x08004b64      0x20c ./Drivers/STM32F4xx_HAL_Driver/Src/stm32f4xx_hal_rcc.o
                0x08004b64                HAL_RCC_GetSysClockFreq
 .text.HAL_RCC_GetHCLKFreq
                0x08004d70       0x18 ./Drivers/STM32F4xx_HAL_Driver/Src/stm32f4xx_hal_rcc.o
                0x08004d70                HAL_RCC_GetHCLKFreq
 .text.HAL_RCC_GetPCLK1Freq
                0x08004d88       0x28 ./Drivers/STM32F4xx_HAL_Driver/Src/stm32f4xx_hal_rcc.o
                0x08004d88                HAL_RCC_GetPCLK1Freq
 .text.HAL_RCCEx_PeriphCLKConfig
                0x08004db0      0x380 ./Drivers/STM32F4xx_HAL_Driver/Src/stm32f4xx_hal_rcc_ex.o
                0x08004db0                HAL_RCCEx_PeriphCLKConfig
 .text.HAL_SDRAM_Init
                0x08005130       0x68 ./Drivers/STM32F4xx_HAL_Driver/Src/stm32f4xx_hal_sdram.o
                0x08005130                HAL_SDRAM_Init
 .text.HAL_SDRAM_SendCommand
                0x08005198       0x6a ./Drivers/STM32F4xx_HAL_Driver/Src/stm32f4xx_hal_sdram.o
                0x08005198                HAL_SDRAM_SendCommand
 .text.HAL_SDRAM_ProgramRefreshRate
                0x08005202       0x50 ./Drivers/STM32F4xx_HAL_Driver/Src/stm32f4xx_hal_sdram.o
                0x08005202                HAL_SDRAM_ProgramRefreshRate
 .text.HAL_SPI_Init
                0x08005252      0x112 ./Drivers/STM32F4xx_HAL_Driver/Src/stm32f4xx_hal_spi.o
                0x08005252                HAL_SPI_Init
 .text.HAL_SPI_DeInit
                0x08005364       0x50 ./Drivers/STM32F4xx_HAL_Driver/Src/stm32f4xx_hal_spi.o
                0x08005364                HAL_SPI_DeInit
 .text.HAL_SPI_Transmit
                0x080053b4      0x288 ./Drivers/STM32F4xx_HAL_Driver/Src/stm32f4xx_hal_spi.o
                0x080053b4                HAL_SPI_Transmit
 .text.HAL_SPI_Receive
                0x0800563c      0x232 ./Drivers/STM32F4xx_HAL_Driver/Src/stm32f4xx_hal_spi.o
                0x0800563c                HAL_SPI_Receive
 .text.HAL_SPI_TransmitReceive
                0x0800586e      0x352 ./Drivers/STM32F4xx_HAL_Driver/Src/stm32f4xx_hal_spi.o
                0x0800586e                HAL_SPI_TransmitReceive
 .text.HAL_SPI_GetState
                0x08005bc0       0x1c ./Drivers/STM32F4xx_HAL_Driver/Src/stm32f4xx_hal_spi.o
                0x08005bc0                HAL_SPI_GetState
 .text.SPI_WaitFlagStateUntilTimeout
                0x08005bdc      0x110 ./Drivers/STM32F4xx_HAL_Driver/Src/stm32f4xx_hal_spi.o
 .text.SPI_EndRxTransaction
                0x08005cec       0xca ./Drivers/STM32F4xx_HAL_Driver/Src/stm32f4xx_hal_spi.o
 *fill*         0x08005db6        0x2 
 .text.SPI_EndRxTxTransaction
                0x08005db8       0xa8 ./Drivers/STM32F4xx_HAL_Driver/Src/stm32f4xx_hal_spi.o
 .text.FMC_SDRAM_Init
                0x08005e60       0xba ./Drivers/STM32F4xx_HAL_Driver/Src/stm32f4xx_ll_fmc.o
                0x08005e60                FMC_SDRAM_Init
 .text.FMC_SDRAM_Timing_Init
                0x08005f1a       0xd2 ./Drivers/STM32F4xx_HAL_Driver/Src/stm32f4xx_ll_fmc.o
                0x08005f1a                FMC_SDRAM_Timing_Init
 .text.FMC_SDRAM_SendCommand
                0x08005fec       0x7a ./Drivers/STM32F4xx_HAL_Driver/Src/stm32f4xx_ll_fmc.o
                0x08005fec                FMC_SDRAM_SendCommand
 .text.FMC_SDRAM_ProgramRefreshRate
                0x08006066       0x2e ./Drivers/STM32F4xx_HAL_Driver/Src/stm32f4xx_ll_fmc.o
                0x08006066                FMC_SDRAM_ProgramRefreshRate
 .text.sprintf  0x08006094       0x44 C:/Programos/Sussy/STM/STM32CubeIDE_2.0.0/STM32CubeIDE/plugins/com.st.stm32cube.ide.mcu.externaltools.gnu-tools-for-stm32.14.3.rel1.win32_1.0.100.202602081740/tools/bin/../lib/gcc/arm-none-eabi/14.3.1/../../../../arm-none-eabi/lib/thumb/v7e-m+fp/hard\libc_nano.a(libc_a-sprintf.o)
                0x08006094                siprintf
                0x08006094                sprintf
 .text.memset   0x080060d8       0x10 C:/Programos/Sussy/STM/STM32CubeIDE_2.0.0/STM32CubeIDE/plugins/com.st.stm32cube.ide.mcu.externaltools.gnu-tools-for-stm32.14.3.rel1.win32_1.0.100.202602081740/tools/bin/../lib/gcc/arm-none-eabi/14.3.1/../../../../arm-none-eabi/lib/thumb/v7e-m+fp/hard\libc_nano.a(libc_a-memset.o)
                0x080060d8                memset
 .text.__errno  0x080060e8        0xc C:/Programos/Sussy/STM/STM32CubeIDE_2.0.0/STM32CubeIDE/plugins/com.st.stm32cube.ide.mcu.externaltools.gnu-tools-for-stm32.14.3.rel1.win32_1.0.100.202602081740/tools/bin/../lib/gcc/arm-none-eabi/14.3.1/../../../../arm-none-eabi/lib/thumb/v7e-m+fp/hard\libc_nano.a(libc_a-errno.o)
                0x080060e8                __errno
 .text.__libc_init_array
                0x080060f4       0x48 C:/Programos/Sussy/STM/STM32CubeIDE_2.0.0/STM32CubeIDE/plugins/com.st.stm32cube.ide.mcu.externaltools.gnu-tools-for-stm32.14.3.rel1.win32_1.0.100.202602081740/tools/bin/../lib/gcc/arm-none-eabi/14.3.1/../../../../arm-none-eabi/lib/thumb/v7e-m+fp/hard\libc_nano.a(libc_a-init.o)
                0x080060f4                __libc_init_array
 .text.__retarget_lock_acquire_recursive
                0x0800613c        0x2 C:/Programos/Sussy/STM/STM32CubeIDE_2.0.0/STM32CubeIDE/plugins/com.st.stm32cube.ide.mcu.externaltools.gnu-tools-for-stm32.14.3.rel1.win32_1.0.100.202602081740/tools/bin/../lib/gcc/arm-none-eabi/14.3.1/../../../../arm-none-eabi/lib/thumb/v7e-m+fp/hard\libc_nano.a(libc_a-lock.o)
                0x0800613c                __retarget_lock_acquire_recursive
 .text.__retarget_lock_release_recursive
                0x0800613e        0x2 C:/Programos/Sussy/STM/STM32CubeIDE_2.0.0/STM32CubeIDE/plugins/com.st.stm32cube.ide.mcu.externaltools.gnu-tools-for-stm32.14.3.rel1.win32_1.0.100.202602081740/tools/bin/../lib/gcc/arm-none-eabi/14.3.1/../../../../arm-none-eabi/lib/thumb/v7e-m+fp/hard\libc_nano.a(libc_a-lock.o)
                0x0800613e                __retarget_lock_release_recursive
 .text._free_r  0x08006140       0x94 C:/Programos/Sussy/STM/STM32CubeIDE_2.0.0/STM32CubeIDE/plugins/com.st.stm32cube.ide.mcu.externaltools.gnu-tools-for-stm32.14.3.rel1.win32_1.0.100.202602081740/tools/bin/../lib/gcc/arm-none-eabi/14.3.1/../../../../arm-none-eabi/lib/thumb/v7e-m+fp/hard\libc_nano.a(libc_a-freer.o)
                0x08006140                _free_r
 .text.sbrk_aligned
                0x080061d4       0x44 C:/Programos/Sussy/STM/STM32CubeIDE_2.0.0/STM32CubeIDE/plugins/com.st.stm32cube.ide.mcu.externaltools.gnu-tools-for-stm32.14.3.rel1.win32_1.0.100.202602081740/tools/bin/../lib/gcc/arm-none-eabi/14.3.1/../../../../arm-none-eabi/lib/thumb/v7e-m+fp/hard\libc_nano.a(libc_a-mallocr.o)
 .text._malloc_r
                0x08006218      0x100 C:/Programos/Sussy/STM/STM32CubeIDE_2.0.0/STM32CubeIDE/plugins/com.st.stm32cube.ide.mcu.externaltools.gnu-tools-for-stm32.14.3.rel1.win32_1.0.100.202602081740/tools/bin/../lib/gcc/arm-none-eabi/14.3.1/../../../../arm-none-eabi/lib/thumb/v7e-m+fp/hard\libc_nano.a(libc_a-mallocr.o)
                0x08006218                _malloc_r
 .text.__malloc_lock
                0x08006318        0xc C:/Programos/Sussy/STM/STM32CubeIDE_2.0.0/STM32CubeIDE/plugins/com.st.stm32cube.ide.mcu.externaltools.gnu-tools-for-stm32.14.3.rel1.win32_1.0.100.202602081740/tools/bin/../lib/gcc/arm-none-eabi/14.3.1/../../../../arm-none-eabi/lib/thumb/v7e-m+fp/hard\libc_nano.a(libc_a-mlock.o)
                0x08006318                __malloc_lock
 .text.__malloc_unlock
                0x08006324        0xc C:/Programos/Sussy/STM/STM32CubeIDE_2.0.0/STM32CubeIDE/plugins/com.st.stm32cube.ide.mcu.externaltools.gnu-tools-for-stm32.14.3.rel1.win32_1.0.100.202602081740/tools/bin/../lib/gcc/arm-none-eabi/14.3.1/../../../../arm-none-eabi/lib/thumb/v7e-m+fp/hard\libc_nano.a(libc_a-mlock.o)
                0x08006324                __malloc_unlock
 .text.__ssputs_r
                0x08006330       0xc0 C:/Programos/Sussy/STM/STM32CubeIDE_2.0.0/STM32CubeIDE/plugins/com.st.stm32cube.ide.mcu.externaltools.gnu-tools-for-stm32.14.3.rel1.win32_1.0.100.202602081740/tools/bin/../lib/gcc/arm-none-eabi/14.3.1/../../../../arm-none-eabi/lib/thumb/v7e-m+fp/hard\libc_nano.a(libc_a-nano-svfprintf.o)
                0x08006330                __ssputs_r
 .text._svfprintf_r
                0x080063f0      0x1f0 C:/Programos/Sussy/STM/STM32CubeIDE_2.0.0/STM32CubeIDE/plugins/com.st.stm32cube.ide.mcu.externaltools.gnu-tools-for-stm32.14.3.rel1.win32_1.0.100.202602081740/tools/bin/../lib/gcc/arm-none-eabi/14.3.1/../../../../arm-none-eabi/lib/thumb/v7e-m+fp/hard\libc_nano.a(libc_a-nano-svfprintf.o)
                0x080063f0                _svfiprintf_r
                0x080063f0                _svfprintf_r
 .text._printf_common
                0x080065e0       0xda C:/Programos/Sussy/STM/STM32CubeIDE_2.0.0/STM32CubeIDE/plugins/com.st.stm32cube.ide.mcu.externaltools.gnu-tools-for-stm32.14.3.rel1.win32_1.0.100.202602081740/tools/bin/../lib/gcc/arm-none-eabi/14.3.1/../../../../arm-none-eabi/lib/thumb/v7e-m+fp/hard\libc_nano.a(libc_a-nano-vfprintf_i.o)
                0x080065e0                _printf_common
 *fill*         0x080066ba        0x2 
 .text._printf_i
                0x080066bc      0x24c C:/Programos/Sussy/STM/STM32CubeIDE_2.0.0/STM32CubeIDE/plugins/com.st.stm32cube.ide.mcu.externaltools.gnu-tools-for-stm32.14.3.rel1.win32_1.0.100.202602081740/tools/bin/../lib/gcc/arm-none-eabi/14.3.1/../../../../arm-none-eabi/lib/thumb/v7e-m+fp/hard\libc_nano.a(libc_a-nano-vfprintf_i.o)
                0x080066bc                _printf_i
 .text.memmove  0x08006908       0x32 C:/Programos/Sussy/STM/STM32CubeIDE_2.0.0/STM32CubeIDE/plugins/com.st.stm32cube.ide.mcu.externaltools.gnu-tools-for-stm32.14.3.rel1.win32_1.0.100.202602081740/tools/bin/../lib/gcc/arm-none-eabi/14.3.1/../../../../arm-none-eabi/lib/thumb/v7e-m+fp/hard\libc_nano.a(libc_a-memmove.o)
                0x08006908                memmove
 *fill*         0x0800693a        0x2 
 .text._sbrk_r  0x0800693c       0x20 C:/Programos/Sussy/STM/STM32CubeIDE_2.0.0/STM32CubeIDE/plugins/com.st.stm32cube.ide.mcu.externaltools.gnu-tools-for-stm32.14.3.rel1.win32_1.0.100.202602081740/tools/bin/../lib/gcc/arm-none-eabi/14.3.1/../../../../arm-none-eabi/lib/thumb/v7e-m+fp/hard\libc_nano.a(libc_a-sbrkr.o)
                0x0800693c                _sbrk_r
 .text.memcpy   0x0800695c       0x1c C:/Programos/Sussy/STM/STM32CubeIDE_2.0.0/STM32CubeIDE/plugins/com.st.stm32cube.ide.mcu.externaltools.gnu-tools-for-stm32.14.3.rel1.win32_1.0.100.202602081740/tools/bin/../lib/gcc/arm-none-eabi/14.3.1/../../../../arm-none-eabi/lib/thumb/v7e-m+fp/hard\libc_nano.a(libc_a-memcpy-stub.o)
                0x0800695c                memcpy
 .text._realloc_r
                0x08006978       0x5c C:/Programos/Sussy/STM/STM32CubeIDE_2.0.0/STM32CubeIDE/plugins/com.st.stm32cube.ide.mcu.externaltools.gnu-tools-for-stm32.14.3.rel1.win32_1.0.100.202602081740/tools/bin/../lib/gcc/arm-none-eabi/14.3.1/../../../../arm-none-eabi/lib/thumb/v7e-m+fp/hard\libc_nano.a(libc_a-reallocr.o)
                0x08006978                _realloc_r
 .text._malloc_usable_size_r
                0x080069d4       0x10 C:/Programos/Sussy/STM/STM32CubeIDE_2.0.0/STM32CubeIDE/plugins/com.st.stm32cube.ide.mcu.externaltools.gnu-tools-for-stm32.14.3.rel1.win32_1.0.100.202602081740/tools/bin/../lib/gcc/arm-none-eabi/14.3.1/../../../../arm-none-eabi/lib/thumb/v7e-m+fp/hard\libc_nano.a(libc_a-msizer.o)
                0x080069d4                _malloc_usable_size_r
 *(.glue_7)
 .glue_7        0x080069e4        0x0 linker stubs
 *(.glue_7t)
 .glue_7t       0x080069e4        0x0 linker stubs
 *(.eh_frame)
 .eh_frame      0x080069e4        0x0 C:/Programos/Sussy/STM/STM32CubeIDE_2.0.0/STM32CubeIDE/plugins/com.st.stm32cube.ide.mcu.externaltools.gnu-tools-for-stm32.14.3.rel1.win32_1.0.100.202602081740/tools/bin/../lib/gcc/arm-none-eabi/14.3.1/thumb/v7e-m+fp/hard/crtbegin.o
 *(.init)
 .init          0x080069e4        0x4 C:/Programos/Sussy/STM/STM32CubeIDE_2.0.0/STM32CubeIDE/plugins/com.st.stm32cube.ide.mcu.externaltools.gnu-tools-for-stm32.14.3.rel1.win32_1.0.100.202602081740/tools/bin/../lib/gcc/arm-none-eabi/14.3.1/thumb/v7e-m+fp/hard/crti.o
                0x080069e4                _init
 .init          0x080069e8        0x8 C:/Programos/Sussy/STM/STM32CubeIDE_2.0.0/STM32CubeIDE/plugins/com.st.stm32cube.ide.mcu.externaltools.gnu-tools-for-stm32.14.3.rel1.win32_1.0.100.202602081740/tools/bin/../lib/gcc/arm-none-eabi/14.3.1/thumb/v7e-m+fp/hard/crtn.o
 *(.fini)
 .fini          0x080069f0        0x4 C:/Programos/Sussy/STM/STM32CubeIDE_2.0.0/STM32CubeIDE/plugins/com.st.stm32cube.ide.mcu.externaltools.gnu-tools-for-stm32.14.3.rel1.win32_1.0.100.202602081740/tools/bin/../lib/gcc/arm-none-eabi/14.3.1/thumb/v7e-m+fp/hard/crti.o
                0x080069f0                _fini
 .fini          0x080069f4        0x8 C:/Programos/Sussy/STM/STM32CubeIDE_2.0.0/STM32CubeIDE/plugins/com.st.stm32cube.ide.mcu.externaltools.gnu-tools-for-stm32.14.3.rel1.win32_1.0.100.202602081740/tools/bin/../lib/gcc/arm-none-eabi/14.3.1/thumb/v7e-m+fp/hard/crtn.o
                0x080069fc                        . = ALIGN (0x4)
                0x080069fc                        _etext = .

.vfp11_veneer   0x080069fc        0x0
 .vfp11_veneer  0x080069fc        0x0 linker stubs

.v4_bx          0x080069fc        0x0
 .v4_bx         0x080069fc        0x0 linker stubs

.iplt           0x080069fc        0x0
 .iplt          0x080069fc        0x0 C:/Programos/Sussy/STM/STM32CubeIDE_2.0.0/STM32CubeIDE/plugins/com.st.stm32cube.ide.mcu.externaltools.gnu-tools-for-stm32.14.3.rel1.win32_1.0.100.202602081740/tools/bin/../lib/gcc/arm-none-eabi/14.3.1/thumb/v7e-m+fp/hard/crtbegin.o

.rodata         0x080069fc     0x1b68
                0x080069fc                        . = ALIGN (0x4)
 *(.rodata)
 .rodata        0x080069fc       0x59 ./Core/Src/main.o
 *(.rodata*)
 *fill*         0x08006a55        0x3 
 .rodata.Font24_Table
                0x08006a58     0x1ab8 ./Core/Src/font24.o
                0x08006a58                Font24_Table
 .rodata.AHBPrescTable
                0x08008510       0x10 ./Core/Src/system_stm32f4xx.o
                0x08008510                AHBPrescTable
 .rodata.APBPrescTable
                0x08008520        0x8 ./Core/Src/system_stm32f4xx.o
                0x08008520                APBPrescTable
 .rodata.flagBitshiftOffset.0
                0x08008528        0x8 ./Drivers/STM32F4xx_HAL_Driver/Src/stm32f4xx_hal_dma.o
 .rodata._svfprintf_r.str1.1
                0x08008530       0x33 C:/Programos/Sussy/STM/STM32CubeIDE_2.0.0/STM32CubeIDE/plugins/com.st.stm32cube.ide.mcu.externaltools.gnu-tools-for-stm32.14.3.rel1.win32_1.0.100.202602081740/tools/bin/../lib/gcc/arm-none-eabi/14.3.1/../../../../arm-none-eabi/lib/thumb/v7e-m+fp/hard\libc_nano.a(libc_a-nano-svfprintf.o)
                                 0x11 (size before relaxing)
 .rodata._printf_i.str1.1
                0x08008563       0x22 C:/Programos/Sussy/STM/STM32CubeIDE_2.0.0/STM32CubeIDE/plugins/com.st.stm32cube.ide.mcu.externaltools.gnu-tools-for-stm32.14.3.rel1.win32_1.0.100.202602081740/tools/bin/../lib/gcc/arm-none-eabi/14.3.1/../../../../arm-none-eabi/lib/thumb/v7e-m+fp/hard\libc_nano.a(libc_a-nano-vfprintf_i.o)
                0x08008588                        . = ALIGN (0x4)
 *fill*         0x08008563        0x1 

.ARM.extab      0x08008564        0x0
                0x08008564                        . = ALIGN (0x4)
 *(.ARM.extab* .gnu.linkonce.armextab.*)
                0x08008564                        . = ALIGN (0x4)

.ARM            0x08008564        0x8
                0x08008564                        . = ALIGN (0x4)
                0x08008564                        __exidx_start = .
 *(.ARM.exidx*)
 .ARM.exidx     0x08008564        0x8 C:/Programos/Sussy/STM/STM32CubeIDE_2.0.0/STM32CubeIDE/plugins/com.st.stm32cube.ide.mcu.externaltools.gnu-tools-for-stm32.14.3.rel1.win32_1.0.100.202602081740/tools/bin/../lib/gcc/arm-none-eabi/14.3.1/../../../../arm-none-eabi/lib/thumb/v7e-m+fp/hard\libc_nano.a(libc_a-memchr.o)
 .ARM.exidx     0x0800856c        0x0 C:/Programos/Sussy/STM/STM32CubeIDE_2.0.0/STM32CubeIDE/plugins/com.st.stm32cube.ide.mcu.externaltools.gnu-tools-for-stm32.14.3.rel1.win32_1.0.100.202602081740/tools/bin/../lib/gcc/arm-none-eabi/14.3.1/thumb/v7e-m+fp/hard\libgcc.a(_udivmoddi4.o)
                                  0x8 (size before relaxing)
                0x0800856c                        __exidx_end = .
                0x0800856c                        . = ALIGN (0x4)

.preinit_array  0x0800856c        0x0
                0x0800856c                        . = ALIGN (0x4)
                0x0800856c                        PROVIDE (__preinit_array_start = .)
 *(.preinit_array*)
                0x0800856c                        PROVIDE (__preinit_array_end = .)
                0x0800856c                        . = ALIGN (0x4)

.init_array     0x0800856c        0x4
                0x0800856c                        . = ALIGN (0x4)
                0x0800856c                        PROVIDE (__init_array_start = .)
 *(SORT_BY_NAME(.init_array.*))
 *(.init_array*)
 .init_array    0x0800856c        0x4 C:/Programos/Sussy/STM/STM32CubeIDE_2.0.0/STM32CubeIDE/plugins/com.st.stm32cube.ide.mcu.externaltools.gnu-tools-for-stm32.14.3.rel1.win32_1.0.100.202602081740/tools/bin/../lib/gcc/arm-none-eabi/14.3.1/thumb/v7e-m+fp/hard/crtbegin.o
                0x08008570                        PROVIDE (__init_array_end = .)
                0x08008570                        . = ALIGN (0x4)

.fini_array     0x08008570        0x4
                0x08008570                        . = ALIGN (0x4)
                [!provide]                        PROVIDE (__fini_array_start = .)
 *(SORT_BY_NAME(.fini_array.*))
 *(.fini_array*)
 .fini_array    0x08008570        0x4 C:/Programos/Sussy/STM/STM32CubeIDE_2.0.0/STM32CubeIDE/plugins/com.st.stm32cube.ide.mcu.externaltools.gnu-tools-for-stm32.14.3.rel1.win32_1.0.100.202602081740/tools/bin/../lib/gcc/arm-none-eabi/14.3.1/thumb/v7e-m+fp/hard/crtbegin.o
                [!provide]                        PROVIDE (__fini_array_end = .)
                0x08008574                        . = ALIGN (0x4)
                0x08008574                        _sidata = LOADADDR (.data)

.rel.dyn        0x08008574        0x0
 .rel.iplt      0x08008574        0x0 C:/Programos/Sussy/STM/STM32CubeIDE_2.0.0/STM32CubeIDE/plugins/com.st.stm32cube.ide.mcu.externaltools.gnu-tools-for-stm32.14.3.rel1.win32_1.0.100.202602081740/tools/bin/../lib/gcc/arm-none-eabi/14.3.1/thumb/v7e-m+fp/hard/crtbegin.o

.data           0x20000000       0xa4 load address 0x08008574
                0x20000000                        . = ALIGN (0x4)
                0x20000000                        _sdata = .
 *(.data)
 *(.data*)
 .data.Font24   0x20000000        0x8 ./Core/Src/font24.o
                0x20000000                Font24
 .data.ili9341_drv
                0x20000008       0x38 ./Core/Src/ili9341.o
                0x20000008                ili9341_drv
 .data.SystemCoreClock
                0x20000040        0x4 ./Core/Src/system_stm32f4xx.o
                0x20000040                SystemCoreClock
 .data.SpixTimeout
                0x20000044        0x4 ./Drivers/BSP/STM32F429I-Discovery/stm32f429i_discovery.o
                0x20000044                SpixTimeout
 .data.sdramstatus.2
                0x20000048        0x1 ./Drivers/BSP/STM32F429I-Discovery/stm32f429i_discovery_sdram.o
 *fill*         0x20000049        0x3 
 .data.uwTickPrio
                0x2000004c        0x4 ./Drivers/STM32F4xx_HAL_Driver/Src/stm32f4xx_hal.o
                0x2000004c                uwTickPrio
 .data.uwTickFreq
                0x20000050        0x1 ./Drivers/STM32F4xx_HAL_Driver/Src/stm32f4xx_hal.o
                0x20000050                uwTickFreq
 *fill*         0x20000051        0x3 
 .data._impure_ptr
                0x20000054        0x4 C:/Programos/Sussy/STM/STM32CubeIDE_2.0.0/STM32CubeIDE/plugins/com.st.stm32cube.ide.mcu.externaltools.gnu-tools-for-stm32.14.3.rel1.win32_1.0.100.202602081740/tools/bin/../lib/gcc/arm-none-eabi/14.3.1/../../../../arm-none-eabi/lib/thumb/v7e-m+fp/hard\libc_nano.a(libc_a-impure.o)
                0x20000054                _impure_ptr
 .data._impure_data
                0x20000058       0x4c C:/Programos/Sussy/STM/STM32CubeIDE_2.0.0/STM32CubeIDE/plugins/com.st.stm32cube.ide.mcu.externaltools.gnu-tools-for-stm32.14.3.rel1.win32_1.0.100.202602081740/tools/bin/../lib/gcc/arm-none-eabi/14.3.1/../../../../arm-none-eabi/lib/thumb/v7e-m+fp/hard\libc_nano.a(libc_a-impure.o)
                0x20000058                _impure_data
 *(.RamFunc)
 *(.RamFunc*)
                0x200000a4                        . = ALIGN (0x4)
                0x200000a4                        _edata = .
                0x08008618                        _siccmram = LOADADDR (.ccmram)

.igot.plt       0x200000a4        0x0 load address 0x08008618
 .igot.plt      0x200000a4        0x0 C:/Programos/Sussy/STM/STM32CubeIDE_2.0.0/STM32CubeIDE/plugins/com.st.stm32cube.ide.mcu.externaltools.gnu-tools-for-stm32.14.3.rel1.win32_1.0.100.202602081740/tools/bin/../lib/gcc/arm-none-eabi/14.3.1/thumb/v7e-m+fp/hard/crtbegin.o

.ccmram         0x10000000        0x0 load address 0x08008618
                0x10000000                        . = ALIGN (0x4)
                0x10000000                        _sccmram = .
 *(.ccmram)
 *(.ccmram*)
                0x10000000                        . = ALIGN (0x4)
                0x10000000                        _eccmram = .
                0x10000000                        . = ALIGN (0x4)

.bss            0x200000a4      0x5b0
                0x200000a4                        _sbss = .
                0x200000a4                        __bss_start__ = _sbss
 *(.bss)
 .bss           0x200000a4       0x1c C:/Programos/Sussy/STM/STM32CubeIDE_2.0.0/STM32CubeIDE/plugins/com.st.stm32cube.ide.mcu.externaltools.gnu-tools-for-stm32.14.3.rel1.win32_1.0.100.202602081740/tools/bin/../lib/gcc/arm-none-eabi/14.3.1/thumb/v7e-m+fp/hard/crtbegin.o
 *(.bss*)
 .bss.hdma2d    0x200000c0       0x40 ./Core/Src/main.o
                0x200000c0                hdma2d
 .bss.hi2c3     0x20000100       0x54 ./Core/Src/main.o
                0x20000100                hi2c3
 .bss.hltdc     0x20000154       0xa8 ./Core/Src/main.o
                0x20000154                hltdc
 .bss.hspi5     0x200001fc       0x58 ./Core/Src/main.o
                0x200001fc                hspi5
 .bss.hsdram1   0x20000254       0x34 ./Core/Src/main.o
                0x20000254                hsdram1
 .bss.received_data
                0x20000288        0x1 ./Core/Src/main.o
                0x20000288                received_data
 *fill*         0x20000289        0x3 
 .bss.msg       0x2000028c       0x1e ./Core/Src/main.o
                0x2000028c                msg
 *fill*         0x200002aa        0x2 
 .bss.FMC_Initialized
                0x200002ac        0x4 ./Core/Src/stm32f4xx_hal_msp.o
 .bss.__sbrk_heap_end
                0x200002b0        0x4 ./Core/Src/sysmem.o
 .bss.SpiHandle
                0x200002b4       0x58 ./Drivers/BSP/STM32F429I-Discovery/stm32f429i_discovery.o
 .bss.Is_LCD_IO_Initialized
                0x2000030c        0x1 ./Drivers/BSP/STM32F429I-Discovery/stm32f429i_discovery.o
 *fill*         0x2000030d        0x3 
 .bss.LtdcHandler
                0x20000310       0xa8 ./Drivers/BSP/STM32F429I-Discovery/stm32f429i_discovery_lcd.o
                0x20000310                LtdcHandler
 .bss.Dma2dHandler
                0x200003b8       0x40 ./Drivers/BSP/STM32F429I-Discovery/stm32f429i_discovery_lcd.o
 .bss.PeriphClkInitStruct
                0x200003f8       0x30 ./Drivers/BSP/STM32F429I-Discovery/stm32f429i_discovery_lcd.o
 .bss.ActiveLayer
                0x20000428        0x4 ./Drivers/BSP/STM32F429I-Discovery/stm32f429i_discovery_lcd.o
 .bss.DrawProp  0x2000042c       0x18 ./Drivers/BSP/STM32F429I-Discovery/stm32f429i_discovery_lcd.o
 .bss.LcdDrv    0x20000444        0x4 ./Drivers/BSP/STM32F429I-Discovery/stm32f429i_discovery_lcd.o
                0x20000444                LcdDrv
 .bss.SdramHandle
                0x20000448       0x34 ./Drivers/BSP/STM32F429I-Discovery/stm32f429i_discovery_sdram.o
 .bss.Timing    0x2000047c       0x1c ./Drivers/BSP/STM32F429I-Discovery/stm32f429i_discovery_sdram.o
 .bss.Command   0x20000498       0x10 ./Drivers/BSP/STM32F429I-Discovery/stm32f429i_discovery_sdram.o
 .bss.dmaHandle.1
                0x200004a8       0x60 ./Drivers/BSP/STM32F429I-Discovery/stm32f429i_discovery_sdram.o
 .bss.uwTick    0x20000508        0x4 ./Drivers/STM32F4xx_HAL_Driver/Src/stm32f4xx_hal.o
                0x20000508                uwTick
 .bss.__sf      0x2000050c      0x138 C:/Programos/Sussy/STM/STM32CubeIDE_2.0.0/STM32CubeIDE/plugins/com.st.stm32cube.ide.mcu.externaltools.gnu-tools-for-stm32.14.3.rel1.win32_1.0.100.202602081740/tools/bin/../lib/gcc/arm-none-eabi/14.3.1/../../../../arm-none-eabi/lib/thumb/v7e-m+fp/hard\libc_nano.a(libc_a-findfp.o)
                0x2000050c                __sf
 .bss.errno     0x20000644        0x4 C:/Programos/Sussy/STM/STM32CubeIDE_2.0.0/STM32CubeIDE/plugins/com.st.stm32cube.ide.mcu.externaltools.gnu-tools-for-stm32.14.3.rel1.win32_1.0.100.202602081740/tools/bin/../lib/gcc/arm-none-eabi/14.3.1/../../../../arm-none-eabi/lib/thumb/v7e-m+fp/hard\libc_nano.a(libc_a-reent.o)
                0x20000644                errno
 .bss.__lock___malloc_recursive_mutex
                0x20000648        0x1 C:/Programos/Sussy/STM/STM32CubeIDE_2.0.0/STM32CubeIDE/plugins/com.st.stm32cube.ide.mcu.externaltools.gnu-tools-for-stm32.14.3.rel1.win32_1.0.100.202602081740/tools/bin/../lib/gcc/arm-none-eabi/14.3.1/../../../../arm-none-eabi/lib/thumb/v7e-m+fp/hard\libc_nano.a(libc_a-lock.o)
                0x20000648                __lock___malloc_recursive_mutex
 *fill*         0x20000649        0x3 
 .bss.__malloc_sbrk_start
                0x2000064c        0x4 C:/Programos/Sussy/STM/STM32CubeIDE_2.0.0/STM32CubeIDE/plugins/com.st.stm32cube.ide.mcu.externaltools.gnu-tools-for-stm32.14.3.rel1.win32_1.0.100.202602081740/tools/bin/../lib/gcc/arm-none-eabi/14.3.1/../../../../arm-none-eabi/lib/thumb/v7e-m+fp/hard\libc_nano.a(libc_a-mallocr.o)
                0x2000064c                __malloc_sbrk_start
 .bss.__malloc_free_list
                0x20000650        0x4 C:/Programos/Sussy/STM/STM32CubeIDE_2.0.0/STM32CubeIDE/plugins/com.st.stm32cube.ide.mcu.externaltools.gnu-tools-for-stm32.14.3.rel1.win32_1.0.100.202602081740/tools/bin/../lib/gcc/arm-none-eabi/14.3.1/../../../../arm-none-eabi/lib/thumb/v7e-m+fp/hard\libc_nano.a(libc_a-mallocr.o)
                0x20000650                __malloc_free_list
 *(COMMON)
                0x20000654                        . = ALIGN (0x4)
                0x20000654                        _ebss = .
                0x20000654                        __bss_end__ = _ebss

._user_heap_stack
                0x20000654      0x604
                0x20000658                        . = ALIGN (0x8)
 *fill*         0x20000654        0x4 
                [!provide]                        PROVIDE (end = .)
                0x20000658                        PROVIDE (_end = .)
                0x20000858                        . = (. + _Min_Heap_Size)
 *fill*         0x20000658      0x200 
                0x20000c58                        . = (. + _Min_Stack_Size)
 *fill*         0x20000858      0x400 
                0x20000c58                        . = ALIGN (0x8)

/DISCARD/
 libc.a(*)
 libm.a(*)
 libgcc.a(*)

.ARM.attributes
                0x00000000       0x30
 *(.ARM.attributes)
 .ARM.attributes
                0x00000000       0x22 C:/Programos/Sussy/STM/STM32CubeIDE_2.0.0/STM32CubeIDE/plugins/com.st.stm32cube.ide.mcu.externaltools.gnu-tools-for-stm32.14.3.rel1.win32_1.0.100.202602081740/tools/bin/../lib/gcc/arm-none-eabi/14.3.1/thumb/v7e-m+fp/hard/crti.o
 .ARM.attributes
                0x00000022       0x34 C:/Programos/Sussy/STM/STM32CubeIDE_2.0.0/STM32CubeIDE/plugins/com.st.stm32cube.ide.mcu.externaltools.gnu-tools-for-stm32.14.3.rel1.win32_1.0.100.202602081740/tools/bin/../lib/gcc/arm-none-eabi/14.3.1/thumb/v7e-m+fp/hard/crtbegin.o
 .ARM.attributes
                0x00000056       0x34 ./Core/Src/font24.o
 .ARM.attributes
                0x0000008a       0x34 ./Core/Src/ili9341.o
 .ARM.attributes
                0x000000be       0x34 ./Core/Src/main.o
 .ARM.attributes
                0x000000f2       0x34 ./Core/Src/stm32f4xx_hal_msp.o
 .ARM.attributes
                0x00000126       0x34 ./Core/Src/stm32f4xx_it.o
 .ARM.attributes
                0x0000015a       0x34 ./Core/Src/sysmem.o
 .ARM.attributes
                0x0000018e       0x34 ./Core/Src/system_stm32f4xx.o
 .ARM.attributes
                0x000001c2       0x21 ./Core/Startup/startup_stm32f429zitx.o
 .ARM.attributes
                0x000001e3       0x34 ./Drivers/BSP/STM32F429I-Discovery/stm32f429i_discovery.o
 .ARM.attributes
                0x00000217       0x34 ./Drivers/BSP/STM32F429I-Discovery/stm32f429i_discovery_lcd.o
 .ARM.attributes
                0x0000024b       0x34 ./Drivers/BSP/STM32F429I-Discovery/stm32f429i_discovery_sdram.o
 .ARM.attributes
                0x0000027f       0x34 ./Drivers/STM32F4xx_HAL_Driver/Src/stm32f4xx_hal.o
 .ARM.attributes
                0x000002b3       0x34 ./Drivers/STM32F4xx_HAL_Driver/Src/stm32f4xx_hal_cortex.o
 .ARM.attributes
                0x000002e7       0x34 ./Drivers/STM32F4xx_HAL_Driver/Src/stm32f4xx_hal_dma.o
 .ARM.attributes
                0x0000031b       0x34 ./Drivers/STM32F4xx_HAL_Driver/Src/stm32f4xx_hal_dma2d.o
 .ARM.attributes
                0x0000034f       0x34 ./Drivers/STM32F4xx_HAL_Driver/Src/stm32f4xx_hal_gpio.o
 .ARM.attributes
                0x00000383       0x34 ./Drivers/STM32F4xx_HAL_Driver/Src/stm32f4xx_hal_i2c.o
 .ARM.attributes
                0x000003b7       0x34 ./Drivers/STM32F4xx_HAL_Driver/Src/stm32f4xx_hal_i2c_ex.o
 .ARM.attributes
                0x000003eb       0x34 ./Drivers/STM32F4xx_HAL_Driver/Src/stm32f4xx_hal_ltdc.o
 .ARM.attributes
                0x0000041f       0x34 ./Drivers/STM32F4xx_HAL_Driver/Src/stm32f4xx_hal_rcc.o
 .ARM.attributes
                0x00000453       0x34 ./Drivers/STM32F4xx_HAL_Driver/Src/stm32f4xx_hal_rcc_ex.o
 .ARM.attributes
                0x00000487       0x34 ./Drivers/STM32F4xx_HAL_Driver/Src/stm32f4xx_hal_sdram.o
 .ARM.attributes
                0x000004bb       0x34 ./Drivers/STM32F4xx_HAL_Driver/Src/stm32f4xx_hal_spi.o
 .ARM.attributes
                0x000004ef       0x34 ./Drivers/STM32F4xx_HAL_Driver/Src/stm32f4xx_ll_fmc.o
 .ARM.attributes
                0x00000523       0x34 C:/Programos/Sussy/STM/STM32CubeIDE_2.0.0/STM32CubeIDE/plugins/com.st.stm32cube.ide.mcu.externaltools.gnu-tools-for-stm32.14.3.rel1.win32_1.0.100.202602081740/tools/bin/../lib/gcc/arm-none-eabi/14.3.1/../../../../arm-none-eabi/lib/thumb/v7e-m+fp/hard\libc_nano.a(libc_a-findfp.o)
 .ARM.attributes
                0x00000557       0x34 C:/Programos/Sussy/STM/STM32CubeIDE_2.0.0/STM32CubeIDE/plugins/com.st.stm32cube.ide.mcu.externaltools.gnu-tools-for-stm32.14.3.rel1.win32_1.0.100.202602081740/tools/bin/../lib/gcc/arm-none-eabi/14.3.1/../../../../arm-none-eabi/lib/thumb/v7e-m+fp/hard\libc_nano.a(libc_a-sprintf.o)
 .ARM.attributes
                0x0000058b       0x34 C:/Programos/Sussy/STM/STM32CubeIDE_2.0.0/STM32CubeIDE/plugins/com.st.stm32cube.ide.mcu.externaltools.gnu-tools-for-stm32.14.3.rel1.win32_1.0.100.202602081740/tools/bin/../lib/gcc/arm-none-eabi/14.3.1/../../../../arm-none-eabi/lib/thumb/v7e-m+fp/hard\libc_nano.a(libc_a-memset.o)
 .ARM.attributes
                0x000005bf       0x34 C:/Programos/Sussy/STM/STM32CubeIDE_2.0.0/STM32CubeIDE/plugins/com.st.stm32cube.ide.mcu.externaltools.gnu-tools-for-stm32.14.3.rel1.win32_1.0.100.202602081740/tools/bin/../lib/gcc/arm-none-eabi/14.3.1/../../../../arm-none-eabi/lib/thumb/v7e-m+fp/hard\libc_nano.a(libc_a-reent.o)
 .ARM.attributes
                0x000005f3       0x34 C:/Programos/Sussy/STM/STM32CubeIDE_2.0.0/STM32CubeIDE/plugins/com.st.stm32cube.ide.mcu.externaltools.gnu-tools-for-stm32.14.3.rel1.win32_1.0.100.202602081740/tools/bin/../lib/gcc/arm-none-eabi/14.3.1/../../../../arm-none-eabi/lib/thumb/v7e-m+fp/hard\libc_nano.a(libc_a-impure.o)
 .ARM.attributes
                0x00000627       0x34 C:/Programos/Sussy/STM/STM32CubeIDE_2.0.0/STM32CubeIDE/plugins/com.st.stm32cube.ide.mcu.externaltools.gnu-tools-for-stm32.14.3.rel1.win32_1.0.100.202602081740/tools/bin/../lib/gcc/arm-none-eabi/14.3.1/../../../../arm-none-eabi/lib/thumb/v7e-m+fp/hard\libc_nano.a(libc_a-errno.o)
 .ARM.attributes
                0x0000065b       0x34 C:/Programos/Sussy/STM/STM32CubeIDE_2.0.0/STM32CubeIDE/plugins/com.st.stm32cube.ide.mcu.externaltools.gnu-tools-for-stm32.14.3.rel1.win32_1.0.100.202602081740/tools/bin/../lib/gcc/arm-none-eabi/14.3.1/../../../../arm-none-eabi/lib/thumb/v7e-m+fp/hard\libc_nano.a(libc_a-init.o)
 .ARM.attributes
                0x0000068f       0x34 C:/Programos/Sussy/STM/STM32CubeIDE_2.0.0/STM32CubeIDE/plugins/com.st.stm32cube.ide.mcu.externaltools.gnu-tools-for-stm32.14.3.rel1.win32_1.0.100.202602081740/tools/bin/../lib/gcc/arm-none-eabi/14.3.1/../../../../arm-none-eabi/lib/thumb/v7e-m+fp/hard\libc_nano.a(libc_a-lock.o)
 .ARM.attributes
                0x000006c3       0x34 C:/Programos/Sussy/STM/STM32CubeIDE_2.0.0/STM32CubeIDE/plugins/com.st.stm32cube.ide.mcu.externaltools.gnu-tools-for-stm32.14.3.rel1.win32_1.0.100.202602081740/tools/bin/../lib/gcc/arm-none-eabi/14.3.1/../../../../arm-none-eabi/lib/thumb/v7e-m+fp/hard\libc_nano.a(libc_a-freer.o)
 .ARM.attributes
                0x000006f7       0x34 C:/Programos/Sussy/STM/STM32CubeIDE_2.0.0/STM32CubeIDE/plugins/com.st.stm32cube.ide.mcu.externaltools.gnu-tools-for-stm32.14.3.rel1.win32_1.0.100.202602081740/tools/bin/../lib/gcc/arm-none-eabi/14.3.1/../../../../arm-none-eabi/lib/thumb/v7e-m+fp/hard\libc_nano.a(libc_a-mallocr.o)
 .ARM.attributes
                0x0000072b       0x34 C:/Programos/Sussy/STM/STM32CubeIDE_2.0.0/STM32CubeIDE/plugins/com.st.stm32cube.ide.mcu.externaltools.gnu-tools-for-stm32.14.3.rel1.win32_1.0.100.202602081740/tools/bin/../lib/gcc/arm-none-eabi/14.3.1/../../../../arm-none-eabi/lib/thumb/v7e-m+fp/hard\libc_nano.a(libc_a-mlock.o)
 .ARM.attributes
                0x0000075f       0x34 C:/Programos/Sussy/STM/STM32CubeIDE_2.0.0/STM32CubeIDE/plugins/com.st.stm32cube.ide.mcu.externaltools.gnu-tools-for-stm32.14.3.rel1.win32_1.0.100.202602081740/tools/bin/../lib/gcc/arm-none-eabi/14.3.1/../../../../arm-none-eabi/lib/thumb/v7e-m+fp/hard\libc_nano.a(libc_a-nano-svfprintf.o)
 .ARM.attributes
                0x00000793       0x34 C:/Programos/Sussy/STM/STM32CubeIDE_2.0.0/STM32CubeIDE/plugins/com.st.stm32cube.ide.mcu.externaltools.gnu-tools-for-stm32.14.3.rel1.win32_1.0.100.202602081740/tools/bin/../lib/gcc/arm-none-eabi/14.3.1/../../../../arm-none-eabi/lib/thumb/v7e-m+fp/hard\libc_nano.a(libc_a-nano-vfprintf_i.o)
 .ARM.attributes
                0x000007c7       0x34 C:/Programos/Sussy/STM/STM32CubeIDE_2.0.0/STM32CubeIDE/plugins/com.st.stm32cube.ide.mcu.externaltools.gnu-tools-for-stm32.14.3.rel1.win32_1.0.100.202602081740/tools/bin/../lib/gcc/arm-none-eabi/14.3.1/../../../../arm-none-eabi/lib/thumb/v7e-m+fp/hard\libc_nano.a(libc_a-memmove.o)
 .ARM.attributes
                0x000007fb       0x34 C:/Programos/Sussy/STM/STM32CubeIDE_2.0.0/STM32CubeIDE/plugins/com.st.stm32cube.ide.mcu.externaltools.gnu-tools-for-stm32.14.3.rel1.win32_1.0.100.202602081740/tools/bin/../lib/gcc/arm-none-eabi/14.3.1/../../../../arm-none-eabi/lib/thumb/v7e-m+fp/hard\libc_nano.a(libc_a-sbrkr.o)
 .ARM.attributes
                0x0000082f       0x1c C:/Programos/Sussy/STM/STM32CubeIDE_2.0.0/STM32CubeIDE/plugins/com.st.stm32cube.ide.mcu.externaltools.gnu-tools-for-stm32.14.3.rel1.win32_1.0.100.202602081740/tools/bin/../lib/gcc/arm-none-eabi/14.3.1/../../../../arm-none-eabi/lib/thumb/v7e-m+fp/hard\libc_nano.a(libc_a-memchr.o)
 .ARM.attributes
                0x0000084b       0x34 C:/Programos/Sussy/STM/STM32CubeIDE_2.0.0/STM32CubeIDE/plugins/com.st.stm32cube.ide.mcu.externaltools.gnu-tools-for-stm32.14.3.rel1.win32_1.0.100.202602081740/tools/bin/../lib/gcc/arm-none-eabi/14.3.1/../../../../arm-none-eabi/lib/thumb/v7e-m+fp/hard\libc_nano.a(libc_a-memcpy-stub.o)
 .ARM.attributes
                0x0000087f       0x34 C:/Programos/Sussy/STM/STM32CubeIDE_2.0.0/STM32CubeIDE/plugins/com.st.stm32cube.ide.mcu.externaltools.gnu-tools-for-stm32.14.3.rel1.win32_1.0.100.202602081740/tools/bin/../lib/gcc/arm-none-eabi/14.3.1/../../../../arm-none-eabi/lib/thumb/v7e-m+fp/hard\libc_nano.a(libc_a-reallocr.o)
 .ARM.attributes
                0x000008b3       0x34 C:/Programos/Sussy/STM/STM32CubeIDE_2.0.0/STM32CubeIDE/plugins/com.st.stm32cube.ide.mcu.externaltools.gnu-tools-for-stm32.14.3.rel1.win32_1.0.100.202602081740/tools/bin/../lib/gcc/arm-none-eabi/14.3.1/../../../../arm-none-eabi/lib/thumb/v7e-m+fp/hard\libc_nano.a(libc_a-msizer.o)
 .ARM.attributes
                0x000008e7       0x22 C:/Programos/Sussy/STM/STM32CubeIDE_2.0.0/STM32CubeIDE/plugins/com.st.stm32cube.ide.mcu.externaltools.gnu-tools-for-stm32.14.3.rel1.win32_1.0.100.202602081740/tools/bin/../lib/gcc/arm-none-eabi/14.3.1/thumb/v7e-m+fp/hard\libgcc.a(_aeabi_uldivmod.o)
 .ARM.attributes
                0x00000909       0x34 C:/Programos/Sussy/STM/STM32CubeIDE_2.0.0/STM32CubeIDE/plugins/com.st.stm32cube.ide.mcu.externaltools.gnu-tools-for-stm32.14.3.rel1.win32_1.0.100.202602081740/tools/bin/../lib/gcc/arm-none-eabi/14.3.1/thumb/v7e-m+fp/hard\libgcc.a(_udivmoddi4.o)
 .ARM.attributes
                0x0000093d       0x22 C:/Programos/Sussy/STM/STM32CubeIDE_2.0.0/STM32CubeIDE/plugins/com.st.stm32cube.ide.mcu.externaltools.gnu-tools-for-stm32.14.3.rel1.win32_1.0.100.202602081740/tools/bin/../lib/gcc/arm-none-eabi/14.3.1/thumb/v7e-m+fp/hard\libgcc.a(_dvmd_tls.o)
 .ARM.attributes
                0x0000095f       0x22 C:/Programos/Sussy/STM/STM32CubeIDE_2.0.0/STM32CubeIDE/plugins/com.st.stm32cube.ide.mcu.externaltools.gnu-tools-for-stm32.14.3.rel1.win32_1.0.100.202602081740/tools/bin/../lib/gcc/arm-none-eabi/14.3.1/thumb/v7e-m+fp/hard/crtn.o
OUTPUT(lab6_slave.elf elf32-littlearm)
LOAD linker stubs
LOAD C:/Programos/Sussy/STM/STM32CubeIDE_2.0.0/STM32CubeIDE/plugins/com.st.stm32cube.ide.mcu.externaltools.gnu-tools-for-stm32.14.3.rel1.win32_1.0.100.202602081740/tools/bin/../lib/gcc/arm-none-eabi/14.3.1/../../../../arm-none-eabi/lib/thumb/v7e-m+fp/hard\libc.a
LOAD C:/Programos/Sussy/STM/STM32CubeIDE_2.0.0/STM32CubeIDE/plugins/com.st.stm32cube.ide.mcu.externaltools.gnu-tools-for-stm32.14.3.rel1.win32_1.0.100.202602081740/tools/bin/../lib/gcc/arm-none-eabi/14.3.1/../../../../arm-none-eabi/lib/thumb/v7e-m+fp/hard\libm.a
LOAD C:/Programos/Sussy/STM/STM32CubeIDE_2.0.0/STM32CubeIDE/plugins/com.st.stm32cube.ide.mcu.externaltools.gnu-tools-for-stm32.14.3.rel1.win32_1.0.100.202602081740/tools/bin/../lib/gcc/arm-none-eabi/14.3.1/thumb/v7e-m+fp/hard\libgcc.a

.debug_info     0x00000000    0x13cf8
 .debug_info    0x00000000      0x125 ./Core/Src/font24.o
 .debug_info    0x00000125      0x388 ./Core/Src/ili9341.o
 .debug_info    0x000004ad     0x1917 ./Core/Src/main.o
 .debug_info    0x00001dc4     0x1896 ./Core/Src/stm32f4xx_hal_msp.o
 .debug_info    0x0000365a      0x112 ./Core/Src/stm32f4xx_it.o
 .debug_info    0x0000376c      0x168 ./Core/Src/sysmem.o
 .debug_info    0x000038d4      0x52e ./Core/Src/system_stm32f4xx.o
 .debug_info    0x00003e02       0x30 ./Core/Startup/startup_stm32f429zitx.o
 .debug_info    0x00003e32     0x199c ./Drivers/BSP/STM32F429I-Discovery/stm32f429i_discovery.o
 .debug_info    0x000057ce     0x2346 ./Drivers/BSP/STM32F429I-Discovery/stm32f429i_discovery_lcd.o
 .debug_info    0x00007b14     0x1010 ./Drivers/BSP/STM32F429I-Discovery/stm32f429i_discovery_sdram.o
 .debug_info    0x00008b24      0x9ba ./Drivers/STM32F4xx_HAL_Driver/Src/stm32f4xx_hal.o
 .debug_info    0x000094de      0xdc2 ./Drivers/STM32F4xx_HAL_Driver/Src/stm32f4xx_hal_cortex.o
 .debug_info    0x0000a2a0      0x8e7 ./Drivers/STM32F4xx_HAL_Driver/Src/stm32f4xx_hal_dma.o
 .debug_info    0x0000ab87      0xe82 ./Drivers/STM32F4xx_HAL_Driver/Src/stm32f4xx_hal_dma2d.o
 .debug_info    0x0000ba09      0x6db ./Drivers/STM32F4xx_HAL_Driver/Src/stm32f4xx_hal_gpio.o
 .debug_info    0x0000c0e4     0x2421 ./Drivers/STM32F4xx_HAL_Driver/Src/stm32f4xx_hal_i2c.o
 .debug_info    0x0000e505      0x672 ./Drivers/STM32F4xx_HAL_Driver/Src/stm32f4xx_hal_i2c_ex.o
 .debug_info    0x0000eb77     0x1031 ./Drivers/STM32F4xx_HAL_Driver/Src/stm32f4xx_hal_ltdc.o
 .debug_info    0x0000fba8      0x8db ./Drivers/STM32F4xx_HAL_Driver/Src/stm32f4xx_hal_rcc.o
 .debug_info    0x00010483      0x64c ./Drivers/STM32F4xx_HAL_Driver/Src/stm32f4xx_hal_rcc_ex.o
 .debug_info    0x00010acf      0xed7 ./Drivers/STM32F4xx_HAL_Driver/Src/stm32f4xx_hal_sdram.o
 .debug_info    0x000119a6     0x1525 ./Drivers/STM32F4xx_HAL_Driver/Src/stm32f4xx_hal_spi.o
 .debug_info    0x00012ecb      0xe2d ./Drivers/STM32F4xx_HAL_Driver/Src/stm32f4xx_ll_fmc.o

.debug_abbrev   0x00000000     0x2f7e
 .debug_abbrev  0x00000000       0xb1 ./Core/Src/font24.o
 .debug_abbrev  0x000000b1      0x1ad ./Core/Src/ili9341.o
 .debug_abbrev  0x0000025e      0x2ee ./Core/Src/main.o
 .debug_abbrev  0x0000054c      0x282 ./Core/Src/stm32f4xx_hal_msp.o
 .debug_abbrev  0x000007ce       0x73 ./Core/Src/stm32f4xx_it.o
 .debug_abbrev  0x00000841       0xbc ./Core/Src/sysmem.o
 .debug_abbrev  0x000008fd      0x11a ./Core/Src/system_stm32f4xx.o
 .debug_abbrev  0x00000a17       0x24 ./Core/Startup/startup_stm32f429zitx.o
 .debug_abbrev  0x00000a3b      0x2fc ./Drivers/BSP/STM32F429I-Discovery/stm32f429i_discovery.o
 .debug_abbrev  0x00000d37      0x328 ./Drivers/BSP/STM32F429I-Discovery/stm32f429i_discovery_lcd.o
 .debug_abbrev  0x0000105f      0x286 ./Drivers/BSP/STM32F429I-Discovery/stm32f429i_discovery_sdram.o
 .debug_abbrev  0x000012e5      0x214 ./Drivers/STM32F4xx_HAL_Driver/Src/stm32f4xx_hal.o
 .debug_abbrev  0x000014f9      0x31d ./Drivers/STM32F4xx_HAL_Driver/Src/stm32f4xx_hal_cortex.o
 .debug_abbrev  0x00001816      0x264 ./Drivers/STM32F4xx_HAL_Driver/Src/stm32f4xx_hal_dma.o
 .debug_abbrev  0x00001a7a      0x23e ./Drivers/STM32F4xx_HAL_Driver/Src/stm32f4xx_hal_dma2d.o
 .debug_abbrev  0x00001cb8      0x1d4 ./Drivers/STM32F4xx_HAL_Driver/Src/stm32f4xx_hal_gpio.o
 .debug_abbrev  0x00001e8c      0x2ad ./Drivers/STM32F4xx_HAL_Driver/Src/stm32f4xx_hal_i2c.o
 .debug_abbrev  0x00002139      0x157 ./Drivers/STM32F4xx_HAL_Driver/Src/stm32f4xx_hal_i2c_ex.o
 .debug_abbrev  0x00002290      0x23a ./Drivers/STM32F4xx_HAL_Driver/Src/stm32f4xx_hal_ltdc.o
 .debug_abbrev  0x000024ca      0x2b7 ./Drivers/STM32F4xx_HAL_Driver/Src/stm32f4xx_hal_rcc.o
 .debug_abbrev  0x00002781      0x1b0 ./Drivers/STM32F4xx_HAL_Driver/Src/stm32f4xx_hal_rcc_ex.o
 .debug_abbrev  0x00002931      0x227 ./Drivers/STM32F4xx_HAL_Driver/Src/stm32f4xx_hal_sdram.o
 .debug_abbrev  0x00002b58      0x27a ./Drivers/STM32F4xx_HAL_Driver/Src/stm32f4xx_hal_spi.o
 .debug_abbrev  0x00002dd2      0x1ac ./Drivers/STM32F4xx_HAL_Driver/Src/stm32f4xx_ll_fmc.o

.debug_aranges  0x00000000     0x1250
 .debug_aranges
                0x00000000       0x18 ./Core/Src/font24.o
 .debug_aranges
                0x00000018       0x60 ./Core/Src/ili9341.o
 .debug_aranges
                0x00000078       0x60 ./Core/Src/main.o
 .debug_aranges
                0x000000d8       0x80 ./Core/Src/stm32f4xx_hal_msp.o
 .debug_aranges
                0x00000158       0x60 ./Core/Src/stm32f4xx_it.o
 .debug_aranges
                0x000001b8       0x20 ./Core/Src/sysmem.o
 .debug_aranges
                0x000001d8       0x28 ./Core/Src/system_stm32f4xx.o
 .debug_aranges
                0x00000200       0x28 ./Core/Startup/startup_stm32f429zitx.o
 .debug_aranges
                0x00000228      0x138 ./Drivers/BSP/STM32F429I-Discovery/stm32f429i_discovery.o
 .debug_aranges
                0x00000360      0x1a8 ./Drivers/BSP/STM32F429I-Discovery/stm32f429i_discovery_lcd.o
 .debug_aranges
                0x00000508       0x68 ./Drivers/BSP/STM32F429I-Discovery/stm32f429i_discovery_sdram.o
 .debug_aranges
                0x00000570      0x100 ./Drivers/STM32F4xx_HAL_Driver/Src/stm32f4xx_hal.o
 .debug_aranges
                0x00000670      0x130 ./Drivers/STM32F4xx_HAL_Driver/Src/stm32f4xx_hal_cortex.o
 .debug_aranges
                0x000007a0       0x90 ./Drivers/STM32F4xx_HAL_Driver/Src/stm32f4xx_hal_dma.o
 .debug_aranges
                0x00000830      0x118 ./Drivers/STM32F4xx_HAL_Driver/Src/stm32f4xx_hal_dma2d.o
 .debug_aranges
                0x00000948       0x58 ./Drivers/STM32F4xx_HAL_Driver/Src/stm32f4xx_hal_gpio.o
 .debug_aranges
                0x000009a0      0x2a8 ./Drivers/STM32F4xx_HAL_Driver/Src/stm32f4xx_hal_i2c.o
 .debug_aranges
                0x00000c48       0x28 ./Drivers/STM32F4xx_HAL_Driver/Src/stm32f4xx_hal_i2c_ex.o
 .debug_aranges
                0x00000c70      0x158 ./Drivers/STM32F4xx_HAL_Driver/Src/stm32f4xx_hal_ltdc.o
 .debug_aranges
                0x00000dc8       0x88 ./Drivers/STM32F4xx_HAL_Driver/Src/stm32f4xx_hal_rcc.o
 .debug_aranges
                0x00000e50       0x58 ./Drivers/STM32F4xx_HAL_Driver/Src/stm32f4xx_hal_rcc_ex.o
 .debug_aranges
                0x00000ea8       0xe8 ./Drivers/STM32F4xx_HAL_Driver/Src/stm32f4xx_hal_sdram.o
 .debug_aranges
                0x00000f90      0x1d0 ./Drivers/STM32F4xx_HAL_Driver/Src/stm32f4xx_hal_spi.o
 .debug_aranges
                0x00001160       0xf0 ./Drivers/STM32F4xx_HAL_Driver/Src/stm32f4xx_ll_fmc.o

.debug_macro    0x00000000    0x24c02
 .debug_macro   0x00000000       0x73 ./Core/Src/font24.o
 .debug_macro   0x00000073       0x81 ./Core/Src/ili9341.o
 .debug_macro   0x000000f4       0x34 ./Core/Src/ili9341.o
 .debug_macro   0x00000128      0x26d ./Core/Src/ili9341.o
 .debug_macro   0x00000395      0x328 ./Core/Src/main.o
 .debug_macro   0x000006bd      0x2ad ./Core/Src/main.o
 .debug_macro   0x0000096a       0x2e ./Core/Src/main.o
 .debug_macro   0x00000998       0x28 ./Core/Src/main.o
 .debug_macro   0x000009c0       0x1c ./Core/Src/main.o
 .debug_macro   0x000009dc       0x22 ./Core/Src/main.o
 .debug_macro   0x000009fe       0xfb ./Core/Src/main.o
 .debug_macro   0x00000af9     0x1011 ./Core/Src/main.o
 .debug_macro   0x00001b0a      0x11f ./Core/Src/main.o
 .debug_macro   0x00001c29    0x17ff1 ./Core/Src/main.o
 .debug_macro   0x00019c1a       0x6d ./Core/Src/main.o
 .debug_macro   0x00019c87     0x370a ./Core/Src/main.o
 .debug_macro   0x0001d391      0x190 ./Core/Src/main.o
 .debug_macro   0x0001d521       0x5c ./Core/Src/main.o
 .debug_macro   0x0001d57d      0xcba ./Core/Src/main.o
 .debug_macro   0x0001e237      0x9e9 ./Core/Src/main.o
 .debug_macro   0x0001ec20      0x115 ./Core/Src/main.o
 .debug_macro   0x0001ed35      0x156 ./Core/Src/main.o
 .debug_macro   0x0001ee8b       0xa5 ./Core/Src/main.o
 .debug_macro   0x0001ef30      0x182 ./Core/Src/main.o
 .debug_macro   0x0001f0b2      0x287 ./Core/Src/main.o
 .debug_macro   0x0001f339       0x5f ./Core/Src/main.o
 .debug_macro   0x0001f398      0x236 ./Core/Src/main.o
 .debug_macro   0x0001f5ce      0x208 ./Core/Src/main.o
 .debug_macro   0x0001f7d6      0x132 ./Core/Src/main.o
 .debug_macro   0x0001f908      0x41d ./Core/Src/main.o
 .debug_macro   0x0001fd25       0x2e ./Core/Src/main.o
 .debug_macro   0x0001fd53      0x550 ./Core/Src/main.o
 .debug_macro   0x000202a3      0x1b5 ./Core/Src/main.o
 .debug_macro   0x00020458       0x22 ./Core/Src/main.o
 .debug_macro   0x0002047a       0xd6 ./Core/Src/main.o
 .debug_macro   0x00020550      0x198 ./Core/Src/main.o
 .debug_macro   0x000206e8       0xd6 ./Core/Src/main.o
 .debug_macro   0x000207be      0x127 ./Core/Src/main.o
 .debug_macro   0x000208e5       0xe2 ./Core/Src/main.o
 .debug_macro   0x000209c7       0x89 ./Core/Src/main.o
 .debug_macro   0x00020a50      0x225 ./Core/Src/main.o
 .debug_macro   0x00020c75      0x134 ./Core/Src/main.o
 .debug_macro   0x00020da9       0x61 ./Core/Src/main.o
 .debug_macro   0x00020e0a       0x2a ./Core/Src/main.o
 .debug_macro   0x00020e34       0x43 ./Core/Src/main.o
 .debug_macro   0x00020e77       0x34 ./Core/Src/main.o
 .debug_macro   0x00020eab       0x16 ./Core/Src/main.o
 .debug_macro   0x00020ec1       0x3c ./Core/Src/main.o
 .debug_macro   0x00020efd      0x364 ./Core/Src/main.o
 .debug_macro   0x00021261       0x10 ./Core/Src/main.o
 .debug_macro   0x00021271       0x16 ./Core/Src/main.o
 .debug_macro   0x00021287       0x4a ./Core/Src/main.o
 .debug_macro   0x000212d1       0x34 ./Core/Src/main.o
 .debug_macro   0x00021305       0x10 ./Core/Src/main.o
 .debug_macro   0x00021315       0x58 ./Core/Src/main.o
 .debug_macro   0x0002136d       0x8e ./Core/Src/main.o
 .debug_macro   0x000213fb       0x1c ./Core/Src/main.o
 .debug_macro   0x00021417      0x17e ./Core/Src/main.o
 .debug_macro   0x00021595       0x16 ./Core/Src/main.o
 .debug_macro   0x000215ab       0x16 ./Core/Src/main.o
 .debug_macro   0x000215c1      0x146 ./Core/Src/main.o
 .debug_macro   0x00021707      0x265 ./Core/Src/main.o
 .debug_macro   0x0002196c       0xb0 ./Core/Src/main.o
 .debug_macro   0x00021a1c       0x10 ./Core/Src/main.o
 .debug_macro   0x00021a2c      0x121 ./Core/Src/main.o
 .debug_macro   0x00021b4d      0x226 ./Core/Src/stm32f4xx_hal_msp.o
 .debug_macro   0x00021d73      0x230 ./Core/Src/stm32f4xx_it.o
 .debug_macro   0x00021fa3      0x112 ./Core/Src/sysmem.o
 .debug_macro   0x000220b5      0x23c ./Core/Src/sysmem.o
 .debug_macro   0x000222f1      0x21c ./Core/Src/system_stm32f4xx.o
 .debug_macro   0x0002250d      0x249 ./Drivers/BSP/STM32F429I-Discovery/stm32f429i_discovery.o
 .debug_macro   0x00022756      0x25f ./Drivers/BSP/STM32F429I-Discovery/stm32f429i_discovery.o
 .debug_macro   0x000229b5      0x276 ./Drivers/BSP/STM32F429I-Discovery/stm32f429i_discovery_lcd.o
 .debug_macro   0x00022c2b       0x3a ./Drivers/BSP/STM32F429I-Discovery/stm32f429i_discovery_lcd.o
 .debug_macro   0x00022c65      0x23a ./Drivers/BSP/STM32F429I-Discovery/stm32f429i_discovery_sdram.o
 .debug_macro   0x00022e9f       0xaa ./Drivers/BSP/STM32F429I-Discovery/stm32f429i_discovery_sdram.o
 .debug_macro   0x00022f49      0x27c ./Drivers/STM32F4xx_HAL_Driver/Src/stm32f4xx_hal.o
 .debug_macro   0x000231c5      0x21c ./Drivers/STM32F4xx_HAL_Driver/Src/stm32f4xx_hal_cortex.o
 .debug_macro   0x000233e1      0x222 ./Drivers/STM32F4xx_HAL_Driver/Src/stm32f4xx_hal_dma.o
 .debug_macro   0x00023603      0x22b ./Drivers/STM32F4xx_HAL_Driver/Src/stm32f4xx_hal_dma2d.o
 .debug_macro   0x0002382e      0x222 ./Drivers/STM32F4xx_HAL_Driver/Src/stm32f4xx_hal_gpio.o
 .debug_macro   0x00023a50      0x26a ./Drivers/STM32F4xx_HAL_Driver/Src/stm32f4xx_hal_i2c.o
 .debug_macro   0x00023cba      0x21c ./Drivers/STM32F4xx_HAL_Driver/Src/stm32f4xx_hal_i2c_ex.o
 .debug_macro   0x00023ed6      0x224 ./Drivers/STM32F4xx_HAL_Driver/Src/stm32f4xx_hal_ltdc.o
 .debug_macro   0x000240fa      0x240 ./Drivers/STM32F4xx_HAL_Driver/Src/stm32f4xx_hal_rcc.o
 .debug_macro   0x0002433a      0x21c ./Drivers/STM32F4xx_HAL_Driver/Src/stm32f4xx_hal_rcc_ex.o
 .debug_macro   0x00024556      0x21c ./Drivers/STM32F4xx_HAL_Driver/Src/stm32f4xx_hal_sdram.o
 .debug_macro   0x00024772      0x22b ./Drivers/STM32F4xx_HAL_Driver/Src/stm32f4xx_hal_spi.o
 .debug_macro   0x0002499d      0x265 ./Drivers/STM32F4xx_HAL_Driver/Src/stm32f4xx_ll_fmc.o

.debug_line     0x00000000    0x1664b
 .debug_line    0x00000000      0x4ae ./Core/Src/font24.o
 .debug_line    0x000004ae      0x608 ./Core/Src/ili9341.o
 .debug_line    0x00000ab6      0xdc6 ./Core/Src/main.o
 .debug_line    0x0000187c      0xb10 ./Core/Src/stm32f4xx_hal_msp.o
 .debug_line    0x0000238c      0x912 ./Core/Src/stm32f4xx_it.o
 .debug_line    0x00002c9e      0x72c ./Core/Src/sysmem.o
 .debug_line    0x000033ca      0x8d9 ./Core/Src/system_stm32f4xx.o
 .debug_line    0x00003ca3       0x7a ./Core/Startup/startup_stm32f429zitx.o
 .debug_line    0x00003d1d      0xda1 ./Drivers/BSP/STM32F429I-Discovery/stm32f429i_discovery.o
 .debug_line    0x00004abe     0x1766 ./Drivers/BSP/STM32F429I-Discovery/stm32f429i_discovery_lcd.o
 .debug_line    0x00006224      0xa74 ./Drivers/BSP/STM32F429I-Discovery/stm32f429i_discovery_sdram.o
 .debug_line    0x00006c98      0xb8e ./Drivers/STM32F4xx_HAL_Driver/Src/stm32f4xx_hal.o
 .debug_line    0x00007826      0xe25 ./Drivers/STM32F4xx_HAL_Driver/Src/stm32f4xx_hal_cortex.o
 .debug_line    0x0000864b     0x10c1 ./Drivers/STM32F4xx_HAL_Driver/Src/stm32f4xx_hal_dma.o
 .debug_line    0x0000970c     0x127d ./Drivers/STM32F4xx_HAL_Driver/Src/stm32f4xx_hal_dma2d.o
 .debug_line    0x0000a989      0xcd2 ./Drivers/STM32F4xx_HAL_Driver/Src/stm32f4xx_hal_gpio.o
 .debug_line    0x0000b65b     0x3c02 ./Drivers/STM32F4xx_HAL_Driver/Src/stm32f4xx_hal_i2c.o
 .debug_line    0x0000f25d      0x8de ./Drivers/STM32F4xx_HAL_Driver/Src/stm32f4xx_hal_i2c_ex.o
 .debug_line    0x0000fb3b     0x1465 ./Drivers/STM32F4xx_HAL_Driver/Src/stm32f4xx_hal_ltdc.o
 .debug_line    0x00010fa0      0xf64 ./Drivers/STM32F4xx_HAL_Driver/Src/stm32f4xx_hal_rcc.o
 .debug_line    0x00011f04      0xdad ./Drivers/STM32F4xx_HAL_Driver/Src/stm32f4xx_hal_rcc_ex.o
 .debug_line    0x00012cb1      0xe60 ./Drivers/STM32F4xx_HAL_Driver/Src/stm32f4xx_hal_sdram.o
 .debug_line    0x00013b11     0x1df0 ./Drivers/STM32F4xx_HAL_Driver/Src/stm32f4xx_hal_spi.o
 .debug_line    0x00015901      0xd4a ./Drivers/STM32F4xx_HAL_Driver/Src/stm32f4xx_ll_fmc.o

.debug_str      0x00000000    0xde637
 .debug_str     0x00000000    0xde637 ./Core/Src/font24.o
                               0x3e35 (size before relaxing)
 .debug_str     0x000de637     0x477c ./Core/Src/ili9341.o
 .debug_str     0x000de637    0xd8d98 ./Core/Src/main.o
 .debug_str     0x000de637    0xd3ac6 ./Core/Src/stm32f4xx_hal_msp.o
 .debug_str     0x000de637    0xd2aec ./Core/Src/stm32f4xx_it.o
 .debug_str     0x000de637     0x7712 ./Core/Src/sysmem.o
 .debug_str     0x000de637    0xd2c29 ./Core/Src/system_stm32f4xx.o
 .debug_str     0x000de637       0x8a ./Core/Startup/startup_stm32f429zitx.o
 .debug_str     0x000de637    0xd4e47 ./Drivers/BSP/STM32F429I-Discovery/stm32f429i_discovery.o
 .debug_str     0x000de637    0xd5f2e ./Drivers/BSP/STM32F429I-Discovery/stm32f429i_discovery_lcd.o
 .debug_str     0x000de637    0xd4d49 ./Drivers/BSP/STM32F429I-Discovery/stm32f429i_discovery_sdram.o
 .debug_str     0x000de637    0xd384c ./Drivers/STM32F4xx_HAL_Driver/Src/stm32f4xx_hal.o
 .debug_str     0x000de637    0xd357a ./Drivers/STM32F4xx_HAL_Driver/Src/stm32f4xx_hal_cortex.o
 .debug_str     0x000de637    0xd3030 ./Drivers/STM32F4xx_HAL_Driver/Src/stm32f4xx_hal_dma.o
 .debug_str     0x000de637    0xd3205 ./Drivers/STM32F4xx_HAL_Driver/Src/stm32f4xx_hal_dma2d.o
 .debug_str     0x000de637    0xd2da4 ./Drivers/STM32F4xx_HAL_Driver/Src/stm32f4xx_hal_gpio.o
 .debug_str     0x000de637    0xd3c39 ./Drivers/STM32F4xx_HAL_Driver/Src/stm32f4xx_hal_i2c.o
 .debug_str     0x000de637    0xd2ff8 ./Drivers/STM32F4xx_HAL_Driver/Src/stm32f4xx_hal_i2c_ex.o
 .debug_str     0x000de637    0xd328d ./Drivers/STM32F4xx_HAL_Driver/Src/stm32f4xx_hal_ltdc.o
 .debug_str     0x000de637    0xd305d ./Drivers/STM32F4xx_HAL_Driver/Src/stm32f4xx_hal_rcc.o
 .debug_str     0x000de637    0xd2e24 ./Drivers/STM32F4xx_HAL_Driver/Src/stm32f4xx_hal_rcc_ex.o
 .debug_str     0x000de637    0xd3349 ./Drivers/STM32F4xx_HAL_Driver/Src/stm32f4xx_hal_sdram.o
 .debug_str     0x000de637    0xd34d4 ./Drivers/STM32F4xx_HAL_Driver/Src/stm32f4xx_hal_spi.o
 .debug_str     0x000de637    0xd3813 ./Drivers/STM32F4xx_HAL_Driver/Src/stm32f4xx_ll_fmc.o

.comment        0x00000000       0x43
 .comment       0x00000000       0x43 ./Core/Src/font24.o
                                 0x44 (size before relaxing)
 .comment       0x00000043       0x44 ./Core/Src/ili9341.o
 .comment       0x00000043       0x44 ./Core/Src/main.o
 .comment       0x00000043       0x44 ./Core/Src/stm32f4xx_hal_msp.o
 .comment       0x00000043       0x44 ./Core/Src/stm32f4xx_it.o
 .comment       0x00000043       0x44 ./Core/Src/sysmem.o
 .comment       0x00000043       0x44 ./Core/Src/system_stm32f4xx.o
 .comment       0x00000043       0x44 ./Drivers/BSP/STM32F429I-Discovery/stm32f429i_discovery.o
 .comment       0x00000043       0x44 ./Drivers/BSP/STM32F429I-Discovery/stm32f429i_discovery_lcd.o
 .comment       0x00000043       0x44 ./Drivers/BSP/STM32F429I-Discovery/stm32f429i_discovery_sdram.o
 .comment       0x00000043       0x44 ./Drivers/STM32F4xx_HAL_Driver/Src/stm32f4xx_hal.o
 .comment       0x00000043       0x44 ./Drivers/STM32F4xx_HAL_Driver/Src/stm32f4xx_hal_cortex.o
 .comment       0x00000043       0x44 ./Drivers/STM32F4xx_HAL_Driver/Src/stm32f4xx_hal_dma.o
 .comment       0x00000043       0x44 ./Drivers/STM32F4xx_HAL_Driver/Src/stm32f4xx_hal_dma2d.o
 .comment       0x00000043       0x44 ./Drivers/STM32F4xx_HAL_Driver/Src/stm32f4xx_hal_gpio.o
 .comment       0x00000043       0x44 ./Drivers/STM32F4xx_HAL_Driver/Src/stm32f4xx_hal_i2c.o
 .comment       0x00000043       0x44 ./Drivers/STM32F4xx_HAL_Driver/Src/stm32f4xx_hal_i2c_ex.o
 .comment       0x00000043       0x44 ./Drivers/STM32F4xx_HAL_Driver/Src/stm32f4xx_hal_ltdc.o
 .comment       0x00000043       0x44 ./Drivers/STM32F4xx_HAL_Driver/Src/stm32f4xx_hal_rcc.o
 .comment       0x00000043       0x44 ./Drivers/STM32F4xx_HAL_Driver/Src/stm32f4xx_hal_rcc_ex.o
 .comment       0x00000043       0x44 ./Drivers/STM32F4xx_HAL_Driver/Src/stm32f4xx_hal_sdram.o
 .comment       0x00000043       0x44 ./Drivers/STM32F4xx_HAL_Driver/Src/stm32f4xx_hal_spi.o
 .comment       0x00000043       0x44 ./Drivers/STM32F4xx_HAL_Driver/Src/stm32f4xx_ll_fmc.o

.debug_rnglists
                0x00000000      0xdfc
 .debug_rnglists
                0x00000000       0x44 ./Core/Src/ili9341.o
 .debug_rnglists
                0x00000044       0x49 ./Core/Src/main.o
 .debug_rnglists
                0x0000008d       0x60 ./Core/Src/stm32f4xx_hal_msp.o
 .debug_rnglists
                0x000000ed       0x43 ./Core/Src/stm32f4xx_it.o
 .debug_rnglists
                0x00000130       0x13 ./Core/Src/sysmem.o
 .debug_rnglists
                0x00000143       0x1a ./Core/Src/system_stm32f4xx.o
 .debug_rnglists
                0x0000015d       0x19 ./Core/Startup/startup_stm32f429zitx.o
 .debug_rnglists
                0x00000176       0xea ./Drivers/BSP/STM32F429I-Discovery/stm32f429i_discovery.o
 .debug_rnglists
                0x00000260      0x14d ./Drivers/BSP/STM32F429I-Discovery/stm32f429i_discovery_lcd.o
 .debug_rnglists
                0x000003ad       0x4c ./Drivers/BSP/STM32F429I-Discovery/stm32f429i_discovery_sdram.o
 .debug_rnglists
                0x000003f9       0xbb ./Drivers/STM32F4xx_HAL_Driver/Src/stm32f4xx_hal.o
 .debug_rnglists
                0x000004b4       0xe0 ./Drivers/STM32F4xx_HAL_Driver/Src/stm32f4xx_hal_cortex.o
 .debug_rnglists
                0x00000594       0x70 ./Drivers/STM32F4xx_HAL_Driver/Src/stm32f4xx_hal_dma.o
 .debug_rnglists
                0x00000604       0xdc ./Drivers/STM32F4xx_HAL_Driver/Src/stm32f4xx_hal_dma2d.o
 .debug_rnglists
                0x000006e0       0x3f ./Drivers/STM32F4xx_HAL_Driver/Src/stm32f4xx_hal_gpio.o
 .debug_rnglists
                0x0000071f      0x23c ./Drivers/STM32F4xx_HAL_Driver/Src/stm32f4xx_hal_i2c.o
 .debug_rnglists
                0x0000095b       0x19 ./Drivers/STM32F4xx_HAL_Driver/Src/stm32f4xx_hal_i2c_ex.o
 .debug_rnglists
                0x00000974      0x10a ./Drivers/STM32F4xx_HAL_Driver/Src/stm32f4xx_hal_ltdc.o
 .debug_rnglists
                0x00000a7e       0x66 ./Drivers/STM32F4xx_HAL_Driver/Src/stm32f4xx_hal_rcc.o
 .debug_rnglists
                0x00000ae4       0x43 ./Drivers/STM32F4xx_HAL_Driver/Src/stm32f4xx_hal_rcc_ex.o
 .debug_rnglists
                0x00000b27       0xb1 ./Drivers/STM32F4xx_HAL_Driver/Src/stm32f4xx_hal_sdram.o
 .debug_rnglists
                0x00000bd8      0x16f ./Drivers/STM32F4xx_HAL_Driver/Src/stm32f4xx_hal_spi.o
 .debug_rnglists
                0x00000d47       0xb5 ./Drivers/STM32F4xx_HAL_Driver/Src/stm32f4xx_ll_fmc.o

.debug_frame    0x00000000     0x4de8
 .debug_frame   0x00000000      0x124 ./Core/Src/ili9341.o
 .debug_frame   0x00000124      0x128 ./Core/Src/main.o
 .debug_frame   0x0000024c      0x1e0 ./Core/Src/stm32f4xx_hal_msp.o
 .debug_frame   0x0000042c       0xf8 ./Core/Src/stm32f4xx_it.o
 .debug_frame   0x00000524       0x34 ./Core/Src/sysmem.o
 .debug_frame   0x00000558       0x50 ./Core/Src/system_stm32f4xx.o
 .debug_frame   0x000005a8      0x4e8 ./Drivers/BSP/STM32F429I-Discovery/stm32f429i_discovery.o
 .debug_frame   0x00000a90      0x738 ./Drivers/BSP/STM32F429I-Discovery/stm32f429i_discovery_lcd.o
 .debug_frame   0x000011c8      0x168 ./Drivers/BSP/STM32F429I-Discovery/stm32f429i_discovery_sdram.o
 .debug_frame   0x00001330      0x354 ./Drivers/STM32F4xx_HAL_Driver/Src/stm32f4xx_hal.o
 .debug_frame   0x00001684      0x4b8 ./Drivers/STM32F4xx_HAL_Driver/Src/stm32f4xx_hal_cortex.o
 .debug_frame   0x00001b3c      0x230 ./Drivers/STM32F4xx_HAL_Driver/Src/stm32f4xx_hal_dma.o
 .debug_frame   0x00001d6c      0x490 ./Drivers/STM32F4xx_HAL_Driver/Src/stm32f4xx_hal_dma2d.o
 .debug_frame   0x000021fc      0x130 ./Drivers/STM32F4xx_HAL_Driver/Src/stm32f4xx_hal_gpio.o
 .debug_frame   0x0000232c      0xbf4 ./Drivers/STM32F4xx_HAL_Driver/Src/stm32f4xx_hal_i2c.o
 .debug_frame   0x00002f20       0x58 ./Drivers/STM32F4xx_HAL_Driver/Src/stm32f4xx_hal_i2c_ex.o
 .debug_frame   0x00002f78      0x5b8 ./Drivers/STM32F4xx_HAL_Driver/Src/stm32f4xx_hal_ltdc.o
 .debug_frame   0x00003530      0x1d8 ./Drivers/STM32F4xx_HAL_Driver/Src/stm32f4xx_hal_rcc.o
 .debug_frame   0x00003708      0x134 ./Drivers/STM32F4xx_HAL_Driver/Src/stm32f4xx_hal_rcc_ex.o
 .debug_frame   0x0000383c      0x3b8 ./Drivers/STM32F4xx_HAL_Driver/Src/stm32f4xx_hal_sdram.o
 .debug_frame   0x00003bf4      0x7e0 ./Drivers/STM32F4xx_HAL_Driver/Src/stm32f4xx_hal_spi.o
 .debug_frame   0x000043d4      0x3dc ./Drivers/STM32F4xx_HAL_Driver/Src/stm32f4xx_ll_fmc.o
 .debug_frame   0x000047b0      0x144 C:/Programos/Sussy/STM/STM32CubeIDE_2.0.0/STM32CubeIDE/plugins/com.st.stm32cube.ide.mcu.externaltools.gnu-tools-for-stm32.14.3.rel1.win32_1.0.100.202602081740/tools/bin/../lib/gcc/arm-none-eabi/14.3.1/../../../../arm-none-eabi/lib/thumb/v7e-m+fp/hard\libc_nano.a(libc_a-findfp.o)
 .debug_frame   0x000048f4       0x74 C:/Programos/Sussy/STM/STM32CubeIDE_2.0.0/STM32CubeIDE/plugins/com.st.stm32cube.ide.mcu.externaltools.gnu-tools-for-stm32.14.3.rel1.win32_1.0.100.202602081740/tools/bin/../lib/gcc/arm-none-eabi/14.3.1/../../../../arm-none-eabi/lib/thumb/v7e-m+fp/hard\libc_nano.a(libc_a-sprintf.o)
 .debug_frame   0x00004968       0x20 C:/Programos/Sussy/STM/STM32CubeIDE_2.0.0/STM32CubeIDE/plugins/com.st.stm32cube.ide.mcu.externaltools.gnu-tools-for-stm32.14.3.rel1.win32_1.0.100.202602081740/tools/bin/../lib/gcc/arm-none-eabi/14.3.1/../../../../arm-none-eabi/lib/thumb/v7e-m+fp/hard\libc_nano.a(libc_a-memset.o)
 .debug_frame   0x00004988       0x38 C:/Programos/Sussy/STM/STM32CubeIDE_2.0.0/STM32CubeIDE/plugins/com.st.stm32cube.ide.mcu.externaltools.gnu-tools-for-stm32.14.3.rel1.win32_1.0.100.202602081740/tools/bin/../lib/gcc/arm-none-eabi/14.3.1/../../../../arm-none-eabi/lib/thumb/v7e-m+fp/hard\libc_nano.a(libc_a-reent.o)