../Core/Src/main.c:54:5:main	8	static
../Core/Src/main.c:86:6:Reset_Game	8	static
../Core/Src/main.c:98:6:HAL_TIM_PeriodElapsedCallback	16	static
../Core/Src/main.c:107:6:HAL_GPIO_EXTI_Callback	16	static
../Core/Src/main.c:129:6:Game_Update	8	static
../Core/Src/main.c:157:6:Game_Render	40	static
../Core/Src/main.c:200:13:MX_TIM3_Init	16	static
../Core/Src/main.c:214:13:MX_GPIO_Init	64	static
../Core/Src/main.c:256:6:SystemClock_Config	88	static
../Core/Src/main.c:280:13:MX_DMA2D_Init	8	static
../Core/Src/main.c:294:13:MX_LTDC_Init	64	static
../Core/Src/main.c:332:13:MX_SPI5_Init	8	static
../Core/Src/main.c:349:13:MX_FMC_Init	40	static
../Core/Src/main.c:373:6:Error_Handler	4	static,ignoring_inline_asm
