../Core/Src/main.c:51:5:main	8	static
../Core/Src/main.c:107:6:Reset_Game	8	static
../Core/Src/main.c:117:6:Game_Update	8	static
../Core/Src/main.c:143:6:Game_Render	32	static
../Core/Src/main.c:186:6:SystemClock_Config	88	static
../Core/Src/main.c:215:13:MX_DMA2D_Init	8	static
../Core/Src/main.c:229:13:MX_LTDC_Init	64	static
../Core/Src/main.c:268:13:MX_SPI5_Init	8	static
../Core/Src/main.c:285:13:MX_FMC_Init	40	static
../Core/Src/main.c:310:13:MX_GPIO_Init	64	static
../Core/Src/main.c:343:6:Error_Handler	4	static,ignoring_inline_asm
