19:50:19 **** Incremental Build of configuration Debug for project lab6_master_v1 ****
make -j12 all 
arm-none-eabi-gcc "C:/Users/Gintas/Documents/school/Microcontroller-uni/lab6_master_v1/Core/Src/main.c" -mcpu=cortex-m4 -std=gnu11 -g3 -DDEBUG -DUSE_HAL_DRIVER -DSTM32F429xx -c -I../../Core/Inc -I../../USB_HOST/App -I../../USB_HOST/Target -I../../Drivers/STM32F4xx_HAL_Driver/Inc -I../../Drivers/STM32F4xx_HAL_Driver/Inc/Legacy -I../../Middlewares/Third_Party/FreeRTOS/Source/include -I../../Middlewares/Third_Party/FreeRTOS/Source/CMSIS_RTOS -I../../Middlewares/Third_Party/FreeRTOS/Source/portable/GCC/ARM_CM4F -I../../Middlewares/ST/STM32_USB_Host_Library/Core/Inc -I../../Middlewares/ST/STM32_USB_Host_Library/Class/CDC/Inc -I../../Drivers/CMSIS/Device/ST/STM32F4xx/Include -I../../Drivers/CMSIS/Include -O0 -ffunction-sections -fdata-sections -Wall -fstack-usage -fcyclomatic-complexity -MMD -MP -MF"Application/User/Core/main.d" -MT"Application/User/Core/main.o" --specs=nano.specs -mfpu=fpv4-sp-d16 -mfloat-abi=hard -mthumb -o "Application/User/Core/main.o"
arm-none-eabi-gcc "../Application/User/Core/stm32f429i_discovery_lcd.c" -mcpu=cortex-m4 -std=gnu11 -g3 -DDEBUG -DUSE_HAL_DRIVER -DSTM32F429xx -c -I../../Core/Inc -I../../USB_HOST/App -I../../USB_HOST/Target -I../../Drivers/STM32F4xx_HAL_Driver/Inc -I../../Drivers/STM32F4xx_HAL_Driver/Inc/Legacy -I../../Middlewares/Third_Party/FreeRTOS/Source/include -I../../Middlewares/Third_Party/FreeRTOS/Source/CMSIS_RTOS -I../../Middlewares/Third_Party/FreeRTOS/Source/portable/GCC/ARM_CM4F -I../../Middlewares/ST/STM32_USB_Host_Library/Core/Inc -I../../Middlewares/ST/STM32_USB_Host_Library/Class/CDC/Inc -I../../Drivers/CMSIS/Device/ST/STM32F4xx/Include -I../../Drivers/CMSIS/Include -O0 -ffunction-sections -fdata-sections -Wall -fstack-usage -fcyclomatic-complexity -MMD -MP -MF"Application/User/Core/stm32f429i_discovery_lcd.d" -MT"Application/User/Core/stm32f429i_discovery_lcd.o" --specs=nano.specs -mfpu=fpv4-sp-d16 -mfloat-abi=hard -mthumb -o "Application/User/Core/stm32f429i_discovery_lcd.o"
arm-none-eabi-gcc "../Application/User/Core/syscalls.c" -mcpu=cortex-m4 -std=gnu11 -g3 -DDEBUG -DUSE_HAL_DRIVER -DSTM32F429xx -c -I../../Core/Inc -I../../USB_HOST/App -I../../USB_HOST/Target -I../../Drivers/STM32F4xx_HAL_Driver/Inc -I../../Drivers/STM32F4xx_HAL_Driver/Inc/Legacy -I../../Middlewares/Third_Party/FreeRTOS/Source/include -I../../Middlewares/Third_Party/FreeRTOS/Source/CMSIS_RTOS -I../../Middlewares/Third_Party/FreeRTOS/Source/portable/GCC/ARM_CM4F -I../../Middlewares/ST/STM32_USB_Host_Library/Core/Inc -I../../Middlewares/ST/STM32_USB_Host_Library/Class/CDC/Inc -I../../Drivers/CMSIS/Device/ST/STM32F4xx/Include -I../../Drivers/CMSIS/Include -O0 -ffunction-sections -fdata-sections -Wall -fstack-usage -fcyclomatic-complexity -MMD -MP -MF"Application/User/Core/syscalls.d" -MT"Application/User/Core/syscalls.o" --specs=nano.specs -mfpu=fpv4-sp-d16 -mfloat-abi=hard -mthumb -o "Application/User/Core/syscalls.o"
arm-none-eabi-gcc "../Application/User/Core/sysmem.c" -mcpu=cortex-m4 -std=gnu11 -g3 -DDEBUG -DUSE_HAL_DRIVER -DSTM32F429xx -c -I../../Core/Inc -I../../USB_HOST/App -I../../USB_HOST/Target -I../../Drivers/STM32F4xx_HAL_Driver/Inc -I../../Drivers/STM32F4xx_HAL_Driver/Inc/Legacy -I../../Middlewares/Third_Party/FreeRTOS/Source/include -I../../Middlewares/Third_Party/FreeRTOS/Source/CMSIS_RTOS -I../../Middlewares/Third_Party/FreeRTOS/Source/portable/GCC/ARM_CM4F -I../../Middlewares/ST/STM32_USB_Host_Library/Core/Inc -I../../Middlewares/ST/STM32_USB_Host_Library/Class/CDC/Inc -I../../Drivers/CMSIS/Device/ST/STM32F4xx/Include -I../../Drivers/CMSIS/Include -O0 -ffunction-sections -fdata-sections -Wall -fstack-usage -fcyclomatic-complexity -MMD -MP -MF"Application/User/Core/sysmem.d" -MT"Application/User/Core/sysmem.o" --specs=nano.specs -mfpu=fpv4-sp-d16 -mfloat-abi=hard -mthumb -o "Application/User/Core/sysmem.o"
arm-none-eabi-gcc "C:/Users/Gintas/Documents/school/Microcontroller-uni/lab6_master_v1/Core/Src/tim.c" -mcpu=cortex-m4 -std=gnu11 -g3 -DDEBUG -DUSE_HAL_DRIVER -DSTM32F429xx -c -I../../Core/Inc -I../../USB_HOST/App -I../../USB_HOST/Target -I../../Drivers/STM32F4xx_HAL_Driver/Inc -I../../Drivers/STM32F4xx_HAL_Driver/Inc/Legacy -I../../Middlewares/Third_Party/FreeRTOS/Source/include -I../../Middlewares/Third_Party/FreeRTOS/Source/CMSIS_RTOS -I../../Middlewares/Third_Party/FreeRTOS/Source/portable/GCC/ARM_CM4F -I../../Middlewares/ST/STM32_USB_Host_Library/Core/Inc -I../../Middlewares/ST/STM32_USB_Host_Library/Class/CDC/Inc -I../../Drivers/CMSIS/Device/ST/STM32F4xx/Include -I../../Drivers/CMSIS/Include -O0 -ffunction-sections -fdata-sections -Wall -fstack-usage -fcyclomatic-complexity -MMD -MP -MF"Application/User/Core/tim.d" -MT"Application/User/Core/tim.o" --specs=nano.specs -mfpu=fpv4-sp-d16 -mfloat-abi=hard -mthumb -o "Application/User/Core/tim.o"
In file included from ../Application/User/Core/ili9341.h:48,
                 from ../Application/User/Core/stm32f429i_discovery_lcd.c:76:
../Application/User/Core/lcd.h:45:9: warning: "LCD_PIXEL_FORMAT_ARGB8888" redefined
   45 | #define LCD_PIXEL_FORMAT_ARGB8888        0x00000000U   /*!< ARGB8888 LTDC pixel format */
      |         ^~~~~~~~~~~~~~~~~~~~~~~~~
In file included from ../Application/User/Core/stm32f429i_discovery_lcd.c:75:
../Application/User/Core/stm32f429i_discovery_lcd.h:169:9: note: this is the location of the previous definition
  169 | #define LCD_PIXEL_FORMAT_ARGB8888         LTDC_PIXEL_FORMAT_ARGB8888
      |         ^~~~~~~~~~~~~~~~~~~~~~~~~
../Application/User/Core/lcd.h:46:9: warning: "LCD_PIXEL_FORMAT_RGB888" redefined
   46 | #define LCD_PIXEL_FORMAT_RGB888          0x00000001U   /*!< RGB888 LTDC pixel format   */
      |         ^~~~~~~~~~~~~~~~~~~~~~~
C:/Users/Gintas/Documents/school/Microcontroller-uni/lab6_master_v1/Core/Src/main.c:34:10: fatal error: stm32f429i_discovery_lcd.h: No such file or directory
   34 | #include "stm32f429i_discovery_lcd.h"
      |          ^~~~~~~~~~~~~~~~~~~~~~~~~~~~
../Application/User/Core/stm32f429i_discovery_lcd.h:170:9: note: this is the location of the previous definition
  170 | #define LCD_PIXEL_FORMAT_RGB888           LTDC_PIXEL_FORMAT_RGB888
      |         ^~~~~~~~~~~~~~~~~~~~~~~
../Application/User/Core/lcd.h:47:9: warning: "LCD_PIXEL_FORMAT_RGB565" redefined
   47 | #define LCD_PIXEL_FORMAT_RGB565          0x00000002U   /*!< RGB565 LTDC pixel format   */
      |         ^~~~~~~~~~~~~~~~~~~~~~~
compilation terminated.
../Application/User/Core/stm32f429i_discovery_lcd.h:171:9: note: this is the location of the previous definition
  171 | #define LCD_PIXEL_FORMAT_RGB565           LTDC_PIXEL_FORMAT_RGB565
      |         ^~~~~~~~~~~~~~~~~~~~~~~
../Application/User/Core/lcd.h:48:9: warning: "LCD_PIXEL_FORMAT_ARGB1555" redefined
   48 | #define LCD_PIXEL_FORMAT_ARGB1555        0x00000003U   /*!< ARGB1555 LTDC pixel format */
      |         ^~~~~~~~~~~~~~~~~~~~~~~~~
../Application/User/Core/stm32f429i_discovery_lcd.h:172:9: note: this is the location of the previous definition
  172 | #define LCD_PIXEL_FORMAT_ARGB1555         LTDC_PIXEL_FORMAT_ARGB1555
      |         ^~~~~~~~~~~~~~~~~~~~~~~~~
../Application/User/Core/lcd.h:49:9: warning: "LCD_PIXEL_FORMAT_ARGB4444" redefined
   49 | #define LCD_PIXEL_FORMAT_ARGB4444        0x00000004U   /*!< ARGB4444 LTDC pixel format */
      |         ^~~~~~~~~~~~~~~~~~~~~~~~~
../Application/User/Core/stm32f429i_discovery_lcd.h:173:9: note: this is the location of the previous definition
  173 | #define LCD_PIXEL_FORMAT_ARGB4444         LTDC_PIXEL_FORMAT_ARGB4444
      |         ^~~~~~~~~~~~~~~~~~~~~~~~~
../Application/User/Core/lcd.h:50:9: warning: "LCD_PIXEL_FORMAT_L8" redefined
   50 | #define LCD_PIXEL_FORMAT_L8              0x00000005U   /*!< L8 LTDC pixel format       */
      |         ^~~~~~~~~~~~~~~~~~~
../Application/User/Core/stm32f429i_discovery_lcd.h:174:9: note: this is the location of the previous definition
  174 | #define LCD_PIXEL_FORMAT_L8               LTDC_PIXEL_FORMAT_L8
      |         ^~~~~~~~~~~~~~~~~~~
../Application/User/Core/lcd.h:51:9: warning: "LCD_PIXEL_FORMAT_AL44" redefined
   51 | #define LCD_PIXEL_FORMAT_AL44            0x00000006U   /*!< AL44 LTDC pixel format     */
      |         ^~~~~~~~~~~~~~~~~~~~~
../Application/User/Core/stm32f429i_discovery_lcd.h:175:9: note: this is the location of the previous definition
  175 | #define LCD_PIXEL_FORMAT_AL44             LTDC_PIXEL_FORMAT_AL44
      |         ^~~~~~~~~~~~~~~~~~~~~
../Application/User/Core/lcd.h:52:9: warning: "LCD_PIXEL_FORMAT_AL88" redefined
   52 | #define LCD_PIXEL_FORMAT_AL88            0x00000007U   /*!< AL88 LTDC pixel format     */
      |         ^~~~~~~~~~~~~~~~~~~~~
../Application/User/Core/stm32f429i_discovery_lcd.h:176:9: note: this is the location of the previous definition
  176 | #define LCD_PIXEL_FORMAT_AL88             LTDC_PIXEL_FORMAT_AL88
      |         ^~~~~~~~~~~~~~~~~~~~~
make: *** [Application/User/Core/subdir.mk:84: Application/User/Core/main.o] Error 1
make: *** Waiting for unfinished jobs....
"make -j12 all" terminated with exit code 2. Build might be incomplete.

19:50:20 Build Failed. 3 errors, 8 warnings. (took 966ms)

